Archive member included to satisfy reference by file (symbol)

C:/ST/STM32CubeIDE_1.14.1/STM32CubeIDE/plugins/com.st.stm32cube.ide.mcu.externaltools.gnu-tools-for-stm32.11.3.rel1.win32_1.1.100.202309141235/tools/bin/../lib/gcc/arm-none-eabi/11.3.1/../../../../arm-none-eabi/lib/thumb/v7e-m+fp/hard\libc_nano.a(libc_a-exit.o)
                              C:/ST/STM32CubeIDE_1.14.1/STM32CubeIDE/plugins/com.st.stm32cube.ide.mcu.externaltools.gnu-tools-for-stm32.11.3.rel1.win32_1.1.100.202309141235/tools/bin/../lib/gcc/arm-none-eabi/11.3.1/../../../../arm-none-eabi/lib/thumb/v7e-m+fp/hard/crt0.o (exit)
C:/ST/STM32CubeIDE_1.14.1/STM32CubeIDE/plugins/com.st.stm32cube.ide.mcu.externaltools.gnu-tools-for-stm32.11.3.rel1.win32_1.1.100.202309141235/tools/bin/../lib/gcc/arm-none-eabi/11.3.1/../../../../arm-none-eabi/lib/thumb/v7e-m+fp/hard\libc_nano.a(libc_a-malloc.o)
                              ./Core/Src/commands.o (malloc)
C:/ST/STM32CubeIDE_1.14.1/STM32CubeIDE/plugins/com.st.stm32cube.ide.mcu.externaltools.gnu-tools-for-stm32.11.3.rel1.win32_1.1.100.202309141235/tools/bin/../lib/gcc/arm-none-eabi/11.3.1/../../../../arm-none-eabi/lib/thumb/v7e-m+fp/hard\libc_nano.a(libc_a-mallocr.o)
                              C:/ST/STM32CubeIDE_1.14.1/STM32CubeIDE/plugins/com.st.stm32cube.ide.mcu.externaltools.gnu-tools-for-stm32.11.3.rel1.win32_1.1.100.202309141235/tools/bin/../lib/gcc/arm-none-eabi/11.3.1/../../../../arm-none-eabi/lib/thumb/v7e-m+fp/hard\libc_nano.a(libc_a-malloc.o) (_malloc_r)
C:/ST/STM32CubeIDE_1.14.1/STM32CubeIDE/plugins/com.st.stm32cube.ide.mcu.externaltools.gnu-tools-for-stm32.11.3.rel1.win32_1.1.100.202309141235/tools/bin/../lib/gcc/arm-none-eabi/11.3.1/../../../../arm-none-eabi/lib/thumb/v7e-m+fp/hard\libc_nano.a(libc_a-mlock.o)
                              C:/ST/STM32CubeIDE_1.14.1/STM32CubeIDE/plugins/com.st.stm32cube.ide.mcu.externaltools.gnu-tools-for-stm32.11.3.rel1.win32_1.1.100.202309141235/tools/bin/../lib/gcc/arm-none-eabi/11.3.1/../../../../arm-none-eabi/lib/thumb/v7e-m+fp/hard\libc_nano.a(libc_a-mallocr.o) (__malloc_lock)
C:/ST/STM32CubeIDE_1.14.1/STM32CubeIDE/plugins/com.st.stm32cube.ide.mcu.externaltools.gnu-tools-for-stm32.11.3.rel1.win32_1.1.100.202309141235/tools/bin/../lib/gcc/arm-none-eabi/11.3.1/../../../../arm-none-eabi/lib/thumb/v7e-m+fp/hard\libc_nano.a(libc_a-nano-vfprintf_float.o)
                              (_printf_float)
C:/ST/STM32CubeIDE_1.14.1/STM32CubeIDE/plugins/com.st.stm32cube.ide.mcu.externaltools.gnu-tools-for-stm32.11.3.rel1.win32_1.1.100.202309141235/tools/bin/../lib/gcc/arm-none-eabi/11.3.1/../../../../arm-none-eabi/lib/thumb/v7e-m+fp/hard\libc_nano.a(libc_a-nano-vfprintf_i.o)
                              C:/ST/STM32CubeIDE_1.14.1/STM32CubeIDE/plugins/com.st.stm32cube.ide.mcu.externaltools.gnu-tools-for-stm32.11.3.rel1.win32_1.1.100.202309141235/tools/bin/../lib/gcc/arm-none-eabi/11.3.1/../../../../arm-none-eabi/lib/thumb/v7e-m+fp/hard\libc_nano.a(libc_a-nano-vfprintf_float.o) (_printf_common)
C:/ST/STM32CubeIDE_1.14.1/STM32CubeIDE/plugins/com.st.stm32cube.ide.mcu.externaltools.gnu-tools-for-stm32.11.3.rel1.win32_1.1.100.202309141235/tools/bin/../lib/gcc/arm-none-eabi/11.3.1/../../../../arm-none-eabi/lib/thumb/v7e-m+fp/hard\libc_nano.a(libc_a-findfp.o)
                              C:/ST/STM32CubeIDE_1.14.1/STM32CubeIDE/plugins/com.st.stm32cube.ide.mcu.externaltools.gnu-tools-for-stm32.11.3.rel1.win32_1.1.100.202309141235/tools/bin/../lib/gcc/arm-none-eabi/11.3.1/../../../../arm-none-eabi/lib/thumb/v7e-m+fp/hard\libc_nano.a(libc_a-exit.o) (__stdio_exit_handler)
C:/ST/STM32CubeIDE_1.14.1/STM32CubeIDE/plugins/com.st.stm32cube.ide.mcu.externaltools.gnu-tools-for-stm32.11.3.rel1.win32_1.1.100.202309141235/tools/bin/../lib/gcc/arm-none-eabi/11.3.1/../../../../arm-none-eabi/lib/thumb/v7e-m+fp/hard\libc_nano.a(libc_a-fwalk.o)
                              C:/ST/STM32CubeIDE_1.14.1/STM32CubeIDE/plugins/com.st.stm32cube.ide.mcu.externaltools.gnu-tools-for-stm32.11.3.rel1.win32_1.1.100.202309141235/tools/bin/../lib/gcc/arm-none-eabi/11.3.1/../../../../arm-none-eabi/lib/thumb/v7e-m+fp/hard\libc_nano.a(libc_a-findfp.o) (_fwalk_sglue)
C:/ST/STM32CubeIDE_1.14.1/STM32CubeIDE/plugins/com.st.stm32cube.ide.mcu.externaltools.gnu-tools-for-stm32.11.3.rel1.win32_1.1.100.202309141235/tools/bin/../lib/gcc/arm-none-eabi/11.3.1/../../../../arm-none-eabi/lib/thumb/v7e-m+fp/hard\libc_nano.a(libc_a-snprintf.o)
                              ./Core/Src/mag_cal.o (snprintf)
C:/ST/STM32CubeIDE_1.14.1/STM32CubeIDE/plugins/com.st.stm32cube.ide.mcu.externaltools.gnu-tools-for-stm32.11.3.rel1.win32_1.1.100.202309141235/tools/bin/../lib/gcc/arm-none-eabi/11.3.1/../../../../arm-none-eabi/lib/thumb/v7e-m+fp/hard\libc_nano.a(libc_a-stdio.o)
[...]
Memory Configuration

Name             Origin             Length             Attributes
CCMRAM           0x0000000010000000 0x0000000000010000 xrw
RAM              0x0000000020000000 0x0000000000020000 xrw
FLASH            0x0000000008000000 0x0000000000080000 xr
*default*        0x0000000000000000 0xffffffffffffffff

Linker script and memory map

LOAD C:/ST/STM32CubeIDE_1.14.1/STM32CubeIDE/plugins/com.st.stm32cube.ide.mcu.externaltools.gnu-tools-for-stm32.11.3.rel1.win32_1.1.100.202309141235/tools/bin/../lib/gcc/arm-none-eabi/11.3.1/thumb/v7e-m+fp/hard/crti.o
LOAD C:/ST/STM32CubeIDE_1.14.1/STM32CubeIDE/plugins/com.st.stm32cube.ide.mcu.externaltools.gnu-tools-for-stm32.11.3.rel1.win32_1.1.100.202309141235/tools/bin/../lib/gcc/arm-none-eabi/11.3.1/thumb/v7e-m+fp/hard/crtbegin.o
LOAD C:/ST/STM32CubeIDE_1.14.1/STM32CubeIDE/plugins/com.st.stm32cube.ide.mcu.externaltools.gnu-tools-for-stm32.11.3.rel1.win32_1.1.100.202309141235/tools/bin/../lib/gcc/arm-none-eabi/11.3.1/../../../../arm-none-eabi/lib/thumb/v7e-m+fp/hard/crt0.o
LOAD ./Core/Src/ICM20948.o
LOAD ./Core/Src/angle.o
LOAD ./Core/Src/commands.o
LOAD ./Core/Src/convert.o
LOAD ./Core/Src/delay_us.o
LOAD ./Core/Src/dist.o
LOAD ./Core/Src/kalman.o
LOAD ./Core/Src/mag_cal.o
LOAD ./Core/Src/main.o
LOAD ./Core/Src/motor.o
LOAD ./Core/Src/oled.o
LOAD ./Core/Src/pid.o
LOAD ./Core/Src/sensors.o
LOAD ./Core/Src/servo.o
LOAD ./Core/Src/stm32f4xx_hal_msp.o
LOAD ./Core/Src/stm32f4xx_it.o
LOAD ./Core/Src/syscalls.o
LOAD ./Core/Src/sysmem.o
LOAD ./Core/Src/system_stm32f4xx.o
LOAD ./Core/Src/user_input.o
LOAD ./Core/Startup/startup_stm32f407vetx.o
LOAD ./Drivers/STM32F4xx_HAL_Driver/Src/stm32f4xx_hal.o
LOAD ./Drivers/STM32F4xx_HAL_Driver/Src/stm32f4xx_hal_adc.o
LOAD ./Drivers/STM32F4xx_HAL_Driver/Src/stm32f4xx_hal_adc_ex.o
LOAD ./Drivers/STM32F4xx_HAL_Driver/Src/stm32f4xx_hal_cortex.o
LOAD ./Drivers/STM32F4xx_HAL_Driver/Src/stm32f4xx_hal_dma.o
LOAD ./Drivers/STM32F4xx_HAL_Driver/Src/stm32f4xx_hal_dma_ex.o
LOAD ./Drivers/STM32F4xx_HAL_Driver/Src/stm32f4xx_hal_exti.o
LOAD ./Drivers/STM32F4xx_HAL_Driver/Src/stm32f4xx_hal_flash.o
LOAD ./Drivers/STM32F4xx_HAL_Driver/Src/stm32f4xx_hal_flash_ex.o
LOAD ./Drivers/STM32F4xx_HAL_Driver/Src/stm32f4xx_hal_flash_ramfunc.o
LOAD ./Drivers/STM32F4xx_HAL_Driver/Src/stm32f4xx_hal_gpio.o
LOAD ./Drivers/STM32F4xx_HAL_Driver/Src/stm32f4xx_hal_i2c.o
LOAD ./Drivers/STM32F4xx_HAL_Driver/Src/stm32f4xx_hal_i2c_ex.o
LOAD ./Drivers/STM32F4xx_HAL_Driver/Src/stm32f4xx_hal_pwr.o
LOAD ./Drivers/STM32F4xx_HAL_Driver/Src/stm32f4xx_hal_pwr_ex.o
LOAD ./Drivers/STM32F4xx_HAL_Driver/Src/stm32f4xx_hal_rcc.o
LOAD ./Drivers/STM32F4xx_HAL_Driver/Src/stm32f4xx_hal_rcc_ex.o
LOAD ./Drivers/STM32F4xx_HAL_Driver/Src/stm32f4xx_hal_tim.o
LOAD ./Drivers/STM32F4xx_HAL_Driver/Src/stm32f4xx_hal_tim_ex.o
LOAD ./Drivers/STM32F4xx_HAL_Driver/Src/stm32f4xx_hal_uart.o
LOAD ./Drivers/STM32F4xx_HAL_Driver/Src/stm32f4xx_ll_adc.o
START GROUP
LOAD C:/ST/STM32CubeIDE_1.14.1/STM32CubeIDE/plugins/com.st.stm32cube.ide.mcu.externaltools.gnu-tools-for-stm32.11.3.rel1.win32_1.1.100.202309141235/tools/bin/../lib/gcc/arm-none-eabi/11.3.1/../../../../arm-none-eabi/lib/thumb/v7e-m+fp/hard\libc_nano.a
LOAD C:/ST/STM32CubeIDE_1.14.1/STM32CubeIDE/plugins/com.st.stm32cube.ide.mcu.externaltools.gnu-tools-for-stm32.11.3.rel1.win32_1.1.100.202309141235/tools/bin/../lib/gcc/arm-none-eabi/11.3.1/../../../../arm-none-eabi/lib/thumb/v7e-m+fp/hard\libm.a
END GROUP
START GROUP
LOAD C:/ST/STM32CubeIDE_1.14.1/STM32CubeIDE/plugins/com.st.stm32cube.ide.mcu.externaltools.gnu-tools-for-stm32.11.3.rel1.win32_1.1.100.202309141235/tools/bin/../lib/gcc/arm-none-eabi/11.3.1/thumb/v7e-m+fp/hard\libgcc.a
LOAD C:/ST/STM32CubeIDE_1.14.1/STM32CubeIDE/plugins/com.st.stm32cube.ide.mcu.externaltools.gnu-tools-for-stm32.11.3.rel1.win32_1.1.100.202309141235/tools/bin/../lib/gcc/arm-none-eabi/11.3.1/../../../../arm-none-eabi/lib/thumb/v7e-m+fp/hard\libc_nano.a
END GROUP
START GROUP
LOAD C:/ST/STM32CubeIDE_1.14.1/STM32CubeIDE/plugins/com.st.stm32cube.ide.mcu.externaltools.gnu-tools-for-stm32.11.3.rel1.win32_1.1.100.202309141235/tools/bin/../lib/gcc/arm-none-eabi/11.3.1/thumb/v7e-m+fp/hard\libgcc.a
LOAD C:/ST/STM32CubeIDE_1.14.1/STM32CubeIDE/plugins/com.st.stm32cube.ide.mcu.externaltools.gnu-tools-for-stm32.11.3.rel1.win32_1.1.100.202309141235/tools/bin/../lib/gcc/arm-none-eabi/11.3.1/../../../../arm-none-eabi/lib/thumb/v7e-m+fp/hard\libc_nano.a
LOAD C:/ST/STM32CubeIDE_1.14.1/STM32CubeIDE/plugins/com.st.stm32cube.ide.mcu.externaltools.gnu-tools-for-stm32.11.3.rel1.win32_1.1.100.202309141235/tools/bin/../lib/gcc/arm-none-eabi/11.3.1/../../../../arm-none-eabi/lib/thumb/v7e-m+fp/hard\libnosys.a
END GROUP
START GROUP
LOAD C:/ST/STM32CubeIDE_1.14.1/STM32CubeIDE/plugins/com.st.stm32cube.ide.mcu.externaltools.gnu-tools-for-stm32.11.3.rel1.win32_1.1.100.202309141235/tools/bin/../lib/gcc/arm-none-eabi/11.3.1/thumb/v7e-m+fp/hard\libgcc.a
LOAD C:/ST/STM32CubeIDE_1.14.1/STM32CubeIDE/plugins/com.st.stm32cube.ide.mcu.externaltools.gnu-tools-for-stm32.11.3.rel1.win32_1.1.100.202309141235/tools/bin/../lib/gcc/arm-none-eabi/11.3.1/../../../../arm-none-eabi/lib/thumb/v7e-m+fp/hard\libc_nano.a
LOAD C:/ST/STM32CubeIDE_1.14.1/STM32CubeIDE/plugins/com.st.stm32cube.ide.mcu.externaltools.gnu-tools-for-stm32.11.3.rel1.win32_1.1.100.202309141235/tools/bin/../lib/gcc/arm-none-eabi/11.3.1/../../../../arm-none-eabi/lib/thumb/v7e-m+fp/hard\libnosys.a
END GROUP
LOAD C:/ST/STM32CubeIDE_1.14.1/STM32CubeIDE/plugins/com.st.stm32cube.ide.mcu.externaltools.gnu-tools-for-stm32.11.3.rel1.win32_1.1.100.202309141235/tools/bin/../lib/gcc/arm-none-eabi/11.3.1/thumb/v7e-m+fp/hard/crtend.o
LOAD C:/ST/STM32CubeIDE_1.14.1/STM32CubeIDE/plugins/com.st.stm32cube.ide.mcu.externaltools.gnu-tools-for-stm32.11.3.rel1.win32_1.1.100.202309141235/tools/bin/../lib/gcc/arm-none-eabi/11.3.1/thumb/v7e-m+fp/hard/crtn.o
                0x0000000020020000                _estack = (ORIGIN (RAM) + LENGTH (RAM))
                0x0000000000000200                _Min_Heap_Size = 0x200
                0x0000000000000400                _Min_Stack_Size = 0x400

.isr_vector     0x0000000008000000      0x188
                0x0000000008000000                . = ALIGN (0x4)
 *(.isr_vector)
 .isr_vector    0x0000000008000000      0x188 ./Core/Startup/startup_stm32f407vetx.o
                0x0000000008000000                g_pfnVectors
                0x0000000008000188                . = ALIGN (0x4)

.text           0x0000000008000190     0xb2d8
                0x0000000008000190                . = ALIGN (0x4)
 *(.text)
 .text          0x0000000008000190       0x40 C:/ST/STM32CubeIDE_1.14.1/STM32CubeIDE/plugins/com.st.stm32cube.ide.mcu.externaltools.gnu-tools-for-stm32.11.3.rel1.win32_1.1.100.202309141235/tools/bin/../lib/gcc/arm-none-eabi/11.3.1/thumb/v7e-m+fp/hard/crtbegin.o
 .text          0x00000000080001d0       0xa0 C:/ST/STM32CubeIDE_1.14.1/STM32CubeIDE/plugins/com.st.stm32cube.ide.mcu.externaltools.gnu-tools-for-stm32.11.3.rel1.win32_1.1.100.202309141235/tools/bin/../lib/gcc/arm-none-eabi/11.3.1/../../../../arm-none-eabi/lib/thumb/v7e-m+fp/hard\libc_nano.a(libc_a-memchr.o)
                0x00000000080001d0                memchr
 .text          0x0000000008000270       0x10 C:/ST/STM32CubeIDE_1.14.1/STM32CubeIDE/plugins/com.st.stm32cube.ide.mcu.externaltools.gnu-tools-for-stm32.11.3.rel1.win32_1.1.100.202309141235/tools/bin/../lib/gcc/arm-none-eabi/11.3.1/../../../../arm-none-eabi/lib/thumb/v7e-m+fp/hard\libc_nano.a(libc_a-strlen.o)
                0x0000000008000270                strlen
 .text          0x0000000008000280      0x378 C:/ST/STM32CubeIDE_1.14.1/STM32CubeIDE/plugins/com.st.stm32cube.ide.mcu.externaltools.gnu-tools-for-stm32.11.3.rel1.win32_1.1.100.202309141235/tools/bin/../lib/gcc/arm-none-eabi/11.3.1/thumb/v7e-m+fp/hard\libgcc.a(_arm_addsubdf3.o)
                0x0000000008000280                __aeabi_drsub
                0x0000000008000288                __aeabi_dsub
                0x0000000008000288                __subdf3
                0x000000000800028c                __aeabi_dadd
                0x000000000800028c                __adddf3
                0x0000000008000504                __floatunsidf
                0x0000000008000504                __aeabi_ui2d
                0x0000000008000524                __floatsidf
                0x0000000008000524                __aeabi_i2d
                0x0000000008000548                __aeabi_f2d
                0x0000000008000548                __extendsfdf2
                0x000000000800058c                __floatundidf
                0x000000000800058c                __aeabi_ul2d
                0x000000000800059c                __floatdidf
                0x000000000800059c                __aeabi_l2d
 .text          0x00000000080005f8      0x424 C:/ST/STM32CubeIDE_1.14.1/STM32CubeIDE/plugins/com.st.stm32cube.ide.mcu.externaltools.gnu-tools-for-stm32.11.3.rel1.win32_1.1.100.202309141235/tools/bin/../lib/gcc/arm-none-eabi/11.3.1/thumb/v7e-m+fp/hard\libgcc.a(_arm_muldivdf3.o)
                0x00000000080005f8                __aeabi_dmul
                0x00000000080005f8                __muldf3
                0x000000000800084c                __divdf3
                0x000000000800084c                __aeabi_ddiv
 .text          0x0000000008000a1c      0x110 C:/ST/STM32CubeIDE_1.14.1/STM32CubeIDE/plugins/com.st.stm32cube.ide.mcu.externaltools.gnu-tools-for-stm32.11.3.rel1.win32_1.1.100.202309141235/tools/bin/../lib/gcc/arm-none-eabi/11.3.1/thumb/v7e-m+fp/hard\libgcc.a(_arm_cmpdf2.o)
                0x0000000008000a1c                __gtdf2
                0x0000000008000a1c                __gedf2
                0x0000000008000a24                __ltdf2
                0x0000000008000a24                __ledf2
                0x0000000008000a2c                __nedf2
                0x0000000008000a2c                __eqdf2
                0x0000000008000a2c                __cmpdf2
                0x0000000008000aa8                __aeabi_cdrcmple
                0x0000000008000ab8                __aeabi_cdcmpeq
                0x0000000008000ab8                __aeabi_cdcmple
                0x0000000008000ac8                __aeabi_dcmpeq
                0x0000000008000adc                __aeabi_dcmplt
                0x0000000008000af0                __aeabi_dcmple
                0x0000000008000b04                __aeabi_dcmpge
                0x0000000008000b18                __aeabi_dcmpgt
 .text          0x0000000008000b2c       0x2c C:/ST/STM32CubeIDE_1.14.1/STM32CubeIDE/plugins/com.st.stm32cube.ide.mcu.externaltools.gnu-tools-for-stm32.11.3.rel1.win32_1.1.100.202309141235/tools/bin/../lib/gcc/arm-none-eabi/11.3.1/thumb/v7e-m+fp/hard\libgcc.a(_arm_unorddf2.o)
                0x0000000008000b2c                __unorddf2
                0x0000000008000b2c                __aeabi_dcmpun
 .text          0x0000000008000b58       0x50 C:/ST/STM32CubeIDE_1.14.1/STM32CubeIDE/plugins/com.st.stm32cube.ide.mcu.externaltools.gnu-tools-for-stm32.11.3.rel1.win32_1.1.100.202309141235/tools/bin/../lib/gcc/arm-none-eabi/11.3.1/thumb/v7e-m+fp/hard\libgcc.a(_arm_fixdfsi.o)
                0x0000000008000b58                __aeabi_d2iz
                0x0000000008000b58                __fixdfsi
 .text          0x0000000008000ba8       0xa0 C:/ST/STM32CubeIDE_1.14.1/STM32CubeIDE/plugins/com.st.stm32cube.ide.mcu.externaltools.gnu-tools-for-stm32.11.3.rel1.win32_1.1.100.202309141235/tools/bin/../lib/gcc/arm-none-eabi/11.3.1/thumb/v7e-m+fp/hard\libgcc.a(_arm_truncdfsf2.o)
                0x0000000008000ba8                __truncdfsf2
                0x0000000008000ba8                __aeabi_d2f
 .text          0x0000000008000c48       0x30 C:/ST/STM32CubeIDE_1.14.1/STM32CubeIDE/plugins/com.st.stm32cube.ide.mcu.externaltools.gnu-tools-for-stm32.11.3.rel1.win32_1.1.100.202309141235/tools/bin/../lib/gcc/arm-none-eabi/11.3.1/thumb/v7e-m+fp/hard\libgcc.a(_aeabi_uldivmod.o)
                0x0000000008000c48                __aeabi_uldivmod
 .text          0x0000000008000c78      0x2c8 C:/ST/STM32CubeIDE_1.14.1/STM32CubeIDE/plugins/com.st.stm32cube.ide.mcu.externaltools.gnu-tools-for-stm32.11.3.rel1.win32_1.1.100.202309141235/tools/bin/../lib/gcc/arm-none-eabi/11.3.1/thumb/v7e-m+fp/hard\libgcc.a(_udivmoddi4.o)
                0x0000000008000c78                __udivmoddi4
 .text          0x0000000008000f40        0x4 C:/ST/STM32CubeIDE_1.14.1/STM32CubeIDE/plugins/com.st.stm32cube.ide.mcu.externaltools.gnu-tools-for-stm32.11.3.rel1.win32_1.1.100.202309141235/tools/bin/../lib/gcc/arm-none-eabi/11.3.1/thumb/v7e-m+fp/hard\libgcc.a(_dvmd_tls.o)
                0x0000000008000f40                __aeabi_idiv0
                0x0000000008000f40                __aeabi_ldiv0
 *(.text*)
 .text._ICM20948_SelectUserBank
                0x0000000008000f44       0x30 ./Core/Src/ICM20948.o
                0x0000000008000f44                _ICM20948_SelectUserBank
 .text._ICM20948_WriteByte
                0x0000000008000f74       0x2c ./Core/Src/ICM20948.o
                0x0000000008000f74                _ICM20948_WriteByte
 .text._ICM20948_BrustRead
                0x0000000008000fa0       0x20 ./Core/Src/ICM20948.o
                0x0000000008000fa0                _ICM20948_BrustRead
 .text._AK09916_WriteByte
                0x0000000008000fc0       0x22 ./Core/Src/ICM20948.o
                0x0000000008000fc0                _AK09916_WriteByte
 .text._AK09916_ReadByte
                0x0000000008000fe2       0x1c ./Core/Src/ICM20948.o
                0x0000000008000fe2                _AK09916_ReadByte
 .text._AK09916_BrustRead
                0x0000000008000ffe       0x18 ./Core/Src/ICM20948.o
                0x0000000008000ffe                _AK09916_BrustRead
 .text.ICM20948_init
                0x0000000008001016       0xa4 ./Core/Src/ICM20948.o
                0x0000000008001016                ICM20948_init
 *fill*         0x00000000080010ba        0x6 
 .text.ICM20948_readGyroscope_Z
                0x00000000080010c0       0x90 ./Core/Src/ICM20948.o
                0x00000000080010c0                ICM20948_readGyroscope_Z
 .text.ICM20948_readAccelerometer_all
                0x0000000008001150       0x8c ./Core/Src/ICM20948.o
                0x0000000008001150                ICM20948_readAccelerometer_all
 *fill*         0x00000000080011dc        0x4 
 .text.ICM20948_readMagnetometer_XY
                0x00000000080011e0       0x58 ./Core/Src/ICM20948.o
                0x00000000080011e0                ICM20948_readMagnetometer_XY
 .text.angle_reset
                0x0000000008001238       0x14 ./Core/Src/angle.o
                0x0000000008001238                angle_reset
 .text.angle_init
                0x000000000800124c        0x4 ./Core/Src/angle.o
                0x000000000800124c                angle_init
 .text.angle_get
                0x0000000008001250       0xa0 ./Core/Src/angle.o
                0x0000000008001250                angle_get
 .text.commands_ack
                0x00000000080012f0       0x3c ./Core/Src/commands.o
 .text.commands_process
                0x000000000800132c       0xcc ./Core/Src/commands.o
                0x000000000800132c                commands_process
 .text.commands_pop
                0x00000000080013f8       0x10 ./Core/Src/commands.o
                0x00000000080013f8                commands_pop
 .text.commands_peek
                0x0000000008001408        0xc ./Core/Src/commands.o
                0x0000000008001408                commands_peek
 .text.commands_end
                0x0000000008001414       0x1a ./Core/Src/commands.o
                0x0000000008001414                commands_end
 .text.abs_float
                0x000000000800142e       0x10 ./Core/Src/convert.o
                0x000000000800142e                abs_float
 .text.parse_uint16_t_until
                0x000000000800143e       0x38 ./Core/Src/convert.o
                0x000000000800143e                parse_uint16_t_until
 *fill*         0x0000000008001476        0x2 
 .text.parse_float_until
                0x0000000008001478       0xc0 ./Core/Src/convert.o
                0x0000000008001478                parse_float_until
 .text.get_turning_r_back_cm
                0x0000000008001538       0x50 ./Core/Src/convert.o
                0x0000000008001538                get_turning_r_back_cm
 .text.get_turning_r_robot_cm
                0x0000000008001588       0x8c ./Core/Src/convert.o
                0x0000000008001588                get_turning_r_robot_cm
 *fill*         0x0000000008001614        0x4 
 .text.get_w_ms
                0x0000000008001618       0x3c ./Core/Src/convert.o
                0x0000000008001618                get_w_ms
 .text.add_angle
                0x0000000008001654       0x44 ./Core/Src/convert.o
                0x0000000008001654                add_angle
 .text.angle_diff_180
                0x0000000008001698       0x44 ./Core/Src/convert.o
                0x0000000008001698                angle_diff_180
 *fill*         0x00000000080016dc        0x4 
 .text.get_distance_cm
                0x00000000080016e0       0x50 ./Core/Src/convert.o
                0x00000000080016e0                get_distance_cm
 .text.get_arc_length
                0x0000000008001730       0x4c ./Core/Src/convert.o
                0x0000000008001730                get_arc_length
 .text.delay_us_init
                0x000000000800177c        0xc ./Core/Src/delay_us.o
                0x000000000800177c                delay_us_init
 .text.delay_us_wait
                0x0000000008001788       0x18 ./Core/Src/delay_us.o
                0x0000000008001788                delay_us_wait
 .text.dist_reset
                0x00000000080017a0       0x44 ./Core/Src/dist.o
                0x00000000080017a0                dist_reset
 .text.dist_init
                0x00000000080017e4        0xc ./Core/Src/dist.o
                0x00000000080017e4                dist_init
 .text.dist_get_cm
                0x00000000080017f0       0x64 ./Core/Src/dist.o
                0x00000000080017f0                dist_get_cm
 *fill*         0x0000000008001854        0x4 
 .text.dist_get_front
                0x0000000008001858       0x74 ./Core/Src/dist.o
                0x0000000008001858                dist_get_front
 .text.kalman_init
                0x00000000080018cc        0xe ./Core/Src/kalman.o
                0x00000000080018cc                kalman_init
 .text.kalman_update
                0x00000000080018da       0x22 ./Core/Src/kalman.o
                0x00000000080018da                kalman_update
 .text.magcal_init
                0x00000000080018fc       0x44 ./Core/Src/mag_cal.o
                0x00000000080018fc                magcal_init
 .text.magcal_adjust
                0x0000000008001940       0x4c ./Core/Src/mag_cal.o
                0x0000000008001940                magcal_adjust
 .text.HAL_UART_RxCpltCallback
                0x000000000800198c       0x40 ./Core/Src/main.o
                0x000000000800198c                HAL_UART_RxCpltCallback
 .text.HAL_TIM_PeriodElapsedCallback
                0x00000000080019cc       0x30 ./Core/Src/main.o
                0x00000000080019cc                HAL_TIM_PeriodElapsedCallback
 *fill*         0x00000000080019fc        0x4 
 .text.HAL_TIM_IC_CaptureCallback
                0x0000000008001a00       0xac ./Core/Src/main.o
                0x0000000008001a00                HAL_TIM_IC_CaptureCallback
 .text.SystemClock_Config
                0x0000000008001aac       0x88 ./Core/Src/main.o
                0x0000000008001aac                SystemClock_Config
 *fill*         0x0000000008001b34        0x4 
 .text.startup.main
                0x0000000008001b38      0x944 ./Core/Src/main.o
                0x0000000008001b38                main
 .text.setPwmLR
                0x000000000800247c       0x30 ./Core/Src/motor.o
 .text.setDriveDir.part.0
                0x00000000080024ac       0x5c ./Core/Src/motor.o
 .text.motor_init
                0x0000000008002508       0xa8 ./Core/Src/motor.o
                0x0000000008002508                motor_init
 .text.motor_getDist
                0x00000000080025b0       0x38 ./Core/Src/motor.o
                0x00000000080025b0                motor_getDist
 .text.motor_pwmCorrection
                0x00000000080025e8      0x1b4 ./Core/Src/motor.o
                0x00000000080025e8                motor_pwmCorrection
 .text.motor_setDrive
                0x000000000800279c       0xc0 ./Core/Src/motor.o
                0x000000000800279c                motor_setDrive
 .text.OLED_WR_Byte
                0x000000000800285c       0x5c ./Core/Src/oled.o
                0x000000000800285c                OLED_WR_Byte
 .text.OLED_Refresh_Gram
                0x00000000080028b8       0x44 ./Core/Src/oled.o
                0x00000000080028b8                OLED_Refresh_Gram
 .text.OLED_Clear
                0x00000000080028fc       0x28 ./Core/Src/oled.o
                0x00000000080028fc                OLED_Clear
 .text.OLED_DrawPoint
                0x0000000008002924       0x38 ./Core/Src/oled.o
                0x0000000008002924                OLED_DrawPoint
 .text.OLED_ShowChar
                0x000000000800295c       0x8c ./Core/Src/oled.o
                0x000000000800295c                OLED_ShowChar
 .text.OLED_ShowString
                0x00000000080029e8       0x3e ./Core/Src/oled.o
                0x00000000080029e8                OLED_ShowString
 *fill*         0x0000000008002a26        0x2 
 .text.OLED_Init
                0x0000000008002a28      0x110 ./Core/Src/oled.o
                0x0000000008002a28                OLED_Init
 .text.pid_reset
                0x0000000008002b38        0x8 ./Core/Src/pid.o
                0x0000000008002b38                pid_reset
 .text.pid_init
                0x0000000008002b40       0x14 ./Core/Src/pid.o
                0x0000000008002b40                pid_init
 .text.pid_adjust
                0x0000000008002b54       0x3e ./Core/Src/pid.o
                0x0000000008002b54                pid_adjust
 *fill*         0x0000000008002b92        0x6 
 .text.read_mag_angle
                0x0000000008002b98       0xc4 ./Core/Src/sensors.o
 .text.sensors_init
                0x0000000008002c5c       0x58 ./Core/Src/sensors.o
                0x0000000008002c5c                sensors_init
 .text.sensors_us_trig
                0x0000000008002cb4       0x38 ./Core/Src/sensors.o
                0x0000000008002cb4                sensors_us_trig
 .text.sensors_read_usDist
                0x0000000008002cec       0x38 ./Core/Src/sensors.o
                0x0000000008002cec                sensors_read_usDist
 *fill*         0x0000000008002d24        0x4 
 .text.sensors_read_irDist
                0x0000000008002d28       0xd8 ./Core/Src/sensors.o
                0x0000000008002d28                sensors_read_irDist
 .text.sensors_read_gyroZ
                0x0000000008002e00       0x40 ./Core/Src/sensors.o
                0x0000000008002e00                sensors_read_gyroZ
 .text.sensors_read_accel
                0x0000000008002e40       0x4c ./Core/Src/sensors.o
                0x0000000008002e40                sensors_read_accel
 .text.sensors_read_heading
                0x0000000008002e8c       0x40 ./Core/Src/sensors.o
                0x0000000008002e8c                sensors_read_heading
 .text.sensors_set_bias
                0x0000000008002ecc       0xe4 ./Core/Src/sensors.o
                0x0000000008002ecc                sensors_set_bias
 .text.servo_init
                0x0000000008002fb0       0x10 ./Core/Src/servo.o
                0x0000000008002fb0                servo_init
 .text.servo_setAngle
                0x0000000008002fc0       0x6c ./Core/Src/servo.o
                0x0000000008002fc0                servo_setAngle
 .text.HAL_MspInit
                0x000000000800302c       0x38 ./Core/Src/stm32f4xx_hal_msp.o
                0x000000000800302c                HAL_MspInit
 .text.HAL_ADC_MspInit
                0x0000000008003064       0x64 ./Core/Src/stm32f4xx_hal_msp.o
                0x0000000008003064                HAL_ADC_MspInit
 .text.HAL_I2C_MspInit
                0x00000000080030c8       0x70 ./Core/Src/stm32f4xx_hal_msp.o
                0x00000000080030c8                HAL_I2C_MspInit
 .text.HAL_TIM_Base_MspInit
                0x0000000008003138      0x11c ./Core/Src/stm32f4xx_hal_msp.o
                0x0000000008003138                HAL_TIM_Base_MspInit
 .text.HAL_TIM_Encoder_MspInit
                0x0000000008003254       0xdc ./Core/Src/stm32f4xx_hal_msp.o
                0x0000000008003254                HAL_TIM_Encoder_MspInit
 .text.HAL_TIM_MspPostInit
                0x0000000008003330       0x90 ./Core/Src/stm32f4xx_hal_msp.o
                0x0000000008003330                HAL_TIM_MspPostInit
 .text.HAL_UART_MspInit
                0x00000000080033c0       0x7c ./Core/Src/stm32f4xx_hal_msp.o
                0x00000000080033c0                HAL_UART_MspInit
 .text.NMI_Handler
                0x000000000800343c        0x2 ./Core/Src/stm32f4xx_it.o
                0x000000000800343c                NMI_Handler
 .text.HardFault_Handler
                0x000000000800343e        0x2 ./Core/Src/stm32f4xx_it.o
                0x000000000800343e                HardFault_Handler
 .text.MemManage_Handler
                0x0000000008003440        0x2 ./Core/Src/stm32f4xx_it.o
                0x0000000008003440                MemManage_Handler
 .text.BusFault_Handler
                0x0000000008003442        0x2 ./Core/Src/stm32f4xx_it.o
                0x0000000008003442                BusFault_Handler
 .text.UsageFault_Handler
                0x0000000008003444        0x2 ./Core/Src/stm32f4xx_it.o
                0x0000000008003444                UsageFault_Handler
 .text.SVC_Handler
                0x0000000008003446        0x2 ./Core/Src/stm32f4xx_it.o
                0x0000000008003446                SVC_Handler
 .text.DebugMon_Handler
                0x0000000008003448        0x2 ./Core/Src/stm32f4xx_it.o
                0x0000000008003448                DebugMon_Handler
 .text.PendSV_Handler
                0x000000000800344a        0x2 ./Core/Src/stm32f4xx_it.o
                0x000000000800344a                PendSV_Handler
 .text.SysTick_Handler
                0x000000000800344c        0x4 ./Core/Src/stm32f4xx_it.o
                0x000000000800344c                SysTick_Handler
 .text.TIM1_CC_IRQHandler
                0x0000000008003450        0xc ./Core/Src/stm32f4xx_it.o
                0x0000000008003450                TIM1_CC_IRQHandler
 .text.TIM4_IRQHandler
                0x000000000800345c        0xc ./Core/Src/stm32f4xx_it.o
                0x000000000800345c                TIM4_IRQHandler
 .text.USART3_IRQHandler
                0x0000000008003468        0xc ./Core/Src/stm32f4xx_it.o
                0x0000000008003468                USART3_IRQHandler
 .text.TIM7_IRQHandler
                0x0000000008003474        0xc ./Core/Src/stm32f4xx_it.o
                0x0000000008003474                TIM7_IRQHandler
 .text._getpid  0x0000000008003480        0x4 ./Core/Src/syscalls.o
                0x0000000008003480                _getpid
 .text._kill    0x0000000008003484       0x10 ./Core/Src/syscalls.o
                0x0000000008003484                _kill
 .text._exit    0x0000000008003494        0xc ./Core/Src/syscalls.o
                0x0000000008003494                _exit
 .text._read    0x00000000080034a0       0x1c ./Core/Src/syscalls.o
                0x00000000080034a0                _read
 .text._write   0x00000000080034bc       0x1c ./Core/Src/syscalls.o
                0x00000000080034bc                _write
 .text._close   0x00000000080034d8        0x6 ./Core/Src/syscalls.o
                0x00000000080034d8                _close
 .text._fstat   0x00000000080034de        0xa ./Core/Src/syscalls.o
                0x00000000080034de                _fstat
 .text._isatty  0x00000000080034e8        0x4 ./Core/Src/syscalls.o
                0x00000000080034e8                _isatty
 .text._lseek   0x00000000080034ec        0x4 ./Core/Src/syscalls.o
                0x00000000080034ec                _lseek
 .text._sbrk    0x00000000080034f0       0x40 ./Core/Src/sysmem.o
                0x00000000080034f0                _sbrk
 .text.SystemInit
                0x0000000008003530       0x14 ./Core/Src/system_stm32f4xx.o
                0x0000000008003530                SystemInit
 .text.user_is_pressed
                0x0000000008003544       0x18 ./Core/Src/user_input.o
                0x0000000008003544                user_is_pressed
 .text.Reset_Handler
                0x000000000800355c       0x50 ./Core/Startup/startup_stm32f407vetx.o
                0x000000000800355c                Reset_Handler
 .text.Default_Handler
                0x00000000080035ac        0x2 ./Core/Startup/startup_stm32f407vetx.o
                0x00000000080035ac                RTC_Alarm_IRQHandler
                0x00000000080035ac                HASH_RNG_IRQHandler
                0x00000000080035ac                EXTI2_IRQHandler
                0x00000000080035ac                TIM8_CC_IRQHandler
                0x00000000080035ac                DMA2_Stream5_IRQHandler
                0x00000000080035ac                DMA1_Stream5_IRQHandler
                0x00000000080035ac                PVD_IRQHandler
                0x00000000080035ac                SDIO_IRQHandler
                0x00000000080035ac                TAMP_STAMP_IRQHandler
                0x00000000080035ac                CAN2_RX1_IRQHandler
                0x00000000080035ac                EXTI3_IRQHandler
                0x00000000080035ac                TIM8_TRG_COM_TIM14_IRQHandler
                0x00000000080035ac                TIM1_UP_TIM10_IRQHandler
                0x00000000080035ac                TIM8_UP_TIM13_IRQHandler
                0x00000000080035ac                I2C3_ER_IRQHandler
                0x00000000080035ac                EXTI0_IRQHandler
                0x00000000080035ac                I2C2_EV_IRQHandler
                0x00000000080035ac                DMA1_Stream2_IRQHandler
                0x00000000080035ac                CAN1_RX0_IRQHandler
                0x00000000080035ac                FPU_IRQHandler
                0x00000000080035ac                OTG_HS_WKUP_IRQHandler
                0x00000000080035ac                CAN2_SCE_IRQHandler
                0x00000000080035ac                DMA2_Stream2_IRQHandler
                0x00000000080035ac                SPI1_IRQHandler
                0x00000000080035ac                TIM6_DAC_IRQHandler
                0x00000000080035ac                TIM1_BRK_TIM9_IRQHandler
                0x00000000080035ac                DCMI_IRQHandler
                0x00000000080035ac                CAN2_RX0_IRQHandler
                0x00000000080035ac                DMA2_Stream3_IRQHandler
                0x00000000080035ac                USART6_IRQHandler
                0x00000000080035ac                CAN1_RX1_IRQHandler
                0x00000000080035ac                UART5_IRQHandler
                0x00000000080035ac                DMA2_Stream0_IRQHandler
                0x00000000080035ac                I2C1_EV_IRQHandler
                0x00000000080035ac                DMA1_Stream6_IRQHandler
                0x00000000080035ac                DMA1_Stream1_IRQHandler
                0x00000000080035ac                UART4_IRQHandler
                0x00000000080035ac                TIM3_IRQHandler
                0x00000000080035ac                RCC_IRQHandler
                0x00000000080035ac                TIM8_BRK_TIM12_IRQHandler
                0x00000000080035ac                Default_Handler
                0x00000000080035ac                EXTI15_10_IRQHandler
                0x00000000080035ac                ADC_IRQHandler
                0x00000000080035ac                DMA1_Stream7_IRQHandler
                0x00000000080035ac                CAN2_TX_IRQHandler
                0x00000000080035ac                TIM5_IRQHandler
                0x00000000080035ac                DMA2_Stream7_IRQHandler
                0x00000000080035ac                I2C3_EV_IRQHandler
                0x00000000080035ac                EXTI9_5_IRQHandler
                0x00000000080035ac                RTC_WKUP_IRQHandler
                0x00000000080035ac                ETH_WKUP_IRQHandler
                0x00000000080035ac                SPI2_IRQHandler
                0x00000000080035ac                OTG_HS_EP1_IN_IRQHandler
                0x00000000080035ac                DMA1_Stream0_IRQHandler
                0x00000000080035ac                CAN1_TX_IRQHandler
                0x00000000080035ac                EXTI4_IRQHandler
                0x00000000080035ac                FSMC_IRQHandler
                0x00000000080035ac                ETH_IRQHandler
                0x00000000080035ac                OTG_HS_EP1_OUT_IRQHandler
                0x00000000080035ac                WWDG_IRQHandler
                0x00000000080035ac                TIM2_IRQHandler
                0x00000000080035ac                OTG_FS_WKUP_IRQHandler
                0x00000000080035ac                TIM1_TRG_COM_TIM11_IRQHandler
                0x00000000080035ac                OTG_HS_IRQHandler
                0x00000000080035ac                EXTI1_IRQHandler
                0x00000000080035ac                USART2_IRQHandler
                0x00000000080035ac                I2C2_ER_IRQHandler
                0x00000000080035ac                DMA2_Stream1_IRQHandler
                0x00000000080035ac                CAN1_SCE_IRQHandler
                0x00000000080035ac                FLASH_IRQHandler
                0x00000000080035ac                DMA2_Stream4_IRQHandler
                0x00000000080035ac                USART1_IRQHandler
                0x00000000080035ac                OTG_FS_IRQHandler
                0x00000000080035ac                SPI3_IRQHandler
                0x00000000080035ac                DMA1_Stream4_IRQHandler
                0x00000000080035ac                I2C1_ER_IRQHandler
                0x00000000080035ac                DMA2_Stream6_IRQHandler
                0x00000000080035ac                DMA1_Stream3_IRQHandler
 *fill*         0x00000000080035ae        0x2 
 .text.HAL_InitTick
                0x00000000080035b0       0x48 ./Drivers/STM32F4xx_HAL_Driver/Src/stm32f4xx_hal.o
                0x00000000080035b0                HAL_InitTick
 .text.HAL_Init
                0x00000000080035f8       0x34 ./Drivers/STM32F4xx_HAL_Driver/Src/stm32f4xx_hal.o
                0x00000000080035f8                HAL_Init
 .text.HAL_IncTick
                0x000000000800362c       0x18 ./Drivers/STM32F4xx_HAL_Driver/Src/stm32f4xx_hal.o
                0x000000000800362c                HAL_IncTick
 .text.HAL_GetTick
                0x0000000008003644        0xc ./Drivers/STM32F4xx_HAL_Driver/Src/stm32f4xx_hal.o
                0x0000000008003644                HAL_GetTick
 .text.HAL_Delay
                0x0000000008003650       0x28 ./Drivers/STM32F4xx_HAL_Driver/Src/stm32f4xx_hal.o
                0x0000000008003650                HAL_Delay
 .text.HAL_ADC_Init
                0x0000000008003678      0x14c ./Drivers/STM32F4xx_HAL_Driver/Src/stm32f4xx_hal_adc.o
                0x0000000008003678                HAL_ADC_Init
 .text.HAL_ADC_Start
                0x00000000080037c4      0x114 ./Drivers/STM32F4xx_HAL_Driver/Src/stm32f4xx_hal_adc.o
                0x00000000080037c4                HAL_ADC_Start
 .text.HAL_ADC_PollForConversion
                0x00000000080038d8       0xa6 ./Drivers/STM32F4xx_HAL_Driver/Src/stm32f4xx_hal_adc.o
                0x00000000080038d8                HAL_ADC_PollForConversion
 .text.HAL_ADC_GetValue
                0x000000000800397e        0x6 ./Drivers/STM32F4xx_HAL_Driver/Src/stm32f4xx_hal_adc.o
                0x000000000800397e                HAL_ADC_GetValue
 .text.HAL_ADC_ConfigChannel
                0x0000000008003984      0x120 ./Drivers/STM32F4xx_HAL_Driver/Src/stm32f4xx_hal_adc.o
                0x0000000008003984                HAL_ADC_ConfigChannel
 .text.HAL_NVIC_SetPriorityGrouping
                0x0000000008003aa4       0x24 ./Drivers/STM32F4xx_HAL_Driver/Src/stm32f4xx_hal_cortex.o
                0x0000000008003aa4                HAL_NVIC_SetPriorityGrouping
 .text.HAL_NVIC_SetPriority
                0x0000000008003ac8       0x64 ./Drivers/STM32F4xx_HAL_Driver/Src/stm32f4xx_hal_cortex.o
                0x0000000008003ac8                HAL_NVIC_SetPriority
 .text.HAL_NVIC_EnableIRQ
                0x0000000008003b2c       0x1c ./Drivers/STM32F4xx_HAL_Driver/Src/stm32f4xx_hal_cortex.o
                0x0000000008003b2c                HAL_NVIC_EnableIRQ
 .text.HAL_SYSTICK_Config
                0x0000000008003b48       0x28 ./Drivers/STM32F4xx_HAL_Driver/Src/stm32f4xx_hal_cortex.o
                0x0000000008003b48                HAL_SYSTICK_Config
 .text.HAL_DMA_Abort
                0x0000000008003b70       0x7e ./Drivers/STM32F4xx_HAL_Driver/Src/stm32f4xx_hal_dma.o
                0x0000000008003b70                HAL_DMA_Abort
 .text.HAL_DMA_Abort_IT
                0x0000000008003bee       0x24 ./Drivers/STM32F4xx_HAL_Driver/Src/stm32f4xx_hal_dma.o
                0x0000000008003bee                HAL_DMA_Abort_IT
 *fill*         0x0000000008003c12        0x2 
 .text.HAL_GPIO_Init
                0x0000000008003c14      0x1b4 ./Drivers/STM32F4xx_HAL_Driver/Src/stm32f4xx_hal_gpio.o
                0x0000000008003c14                HAL_GPIO_Init
 .text.HAL_GPIO_ReadPin
                0x0000000008003dc8        0xc ./Drivers/STM32F4xx_HAL_Driver/Src/stm32f4xx_hal_gpio.o
                0x0000000008003dc8                HAL_GPIO_ReadPin
 .text.HAL_GPIO_WritePin
                0x0000000008003dd4        0xa ./Drivers/STM32F4xx_HAL_Driver/Src/stm32f4xx_hal_gpio.o
                0x0000000008003dd4                HAL_GPIO_WritePin
 .text.I2C_IsAcknowledgeFailed
                0x0000000008003dde       0x34 ./Drivers/STM32F4xx_HAL_Driver/Src/stm32f4xx_hal_i2c.o
 .text.I2C_WaitOnFlagUntilTimeout
                0x0000000008003e12       0x80 ./Drivers/STM32F4xx_HAL_Driver/Src/stm32f4xx_hal_i2c.o
 .text.I2C_WaitOnMasterAddressFlagUntilTimeout
                0x0000000008003e92       0x84 ./Drivers/STM32F4xx_HAL_Driver/Src/stm32f4xx_hal_i2c.o
 .text.I2C_WaitOnTXEFlagUntilTimeout
                0x0000000008003f16       0x54 ./Drivers/STM32F4xx_HAL_Driver/Src/stm32f4xx_hal_i2c.o
 *fill*         0x0000000008003f6a        0x2 
 .text.I2C_RequestMemoryWrite
                0x0000000008003f6c       0xb0 ./Drivers/STM32F4xx_HAL_Driver/Src/stm32f4xx_hal_i2c.o
 .text.I2C_RequestMemoryRead
                0x000000000800401c      0x104 ./Drivers/STM32F4xx_HAL_Driver/Src/stm32f4xx_hal_i2c.o
 .text.I2C_WaitOnBTFFlagUntilTimeout
                0x0000000008004120       0x54 ./Drivers/STM32F4xx_HAL_Driver/Src/stm32f4xx_hal_i2c.o
 .text.I2C_WaitOnRXNEFlagUntilTimeout
                0x0000000008004174       0x66 ./Drivers/STM32F4xx_HAL_Driver/Src/stm32f4xx_hal_i2c.o
 *fill*         0x00000000080041da        0x2 
 .text.HAL_I2C_Init
                0x00000000080041dc      0x150 ./Drivers/STM32F4xx_HAL_Driver/Src/stm32f4xx_hal_i2c.o
                0x00000000080041dc                HAL_I2C_Init
 .text.HAL_I2C_Mem_Write
                0x000000000800432c      0x120 ./Drivers/STM32F4xx_HAL_Driver/Src/stm32f4xx_hal_i2c.o
                0x000000000800432c                HAL_I2C_Mem_Write
 .text.HAL_I2C_Mem_Read
                0x000000000800444c      0x220 ./Drivers/STM32F4xx_HAL_Driver/Src/stm32f4xx_hal_i2c.o
                0x000000000800444c                HAL_I2C_Mem_Read
 .text.HAL_PWR_EnableBkUpAccess
                0x000000000800466c       0x1c ./Drivers/STM32F4xx_HAL_Driver/Src/stm32f4xx_hal_pwr.o
                0x000000000800466c                HAL_PWR_EnableBkUpAccess
 .text.HAL_PWR_DisableBkUpAccess
                0x0000000008004688       0x1c ./Drivers/STM32F4xx_HAL_Driver/Src/stm32f4xx_hal_pwr.o
                0x0000000008004688                HAL_PWR_DisableBkUpAccess
 .text.HAL_RCC_OscConfig
                0x00000000080046a4      0x358 ./Drivers/STM32F4xx_HAL_Driver/Src/stm32f4xx_hal_rcc.o
                0x00000000080046a4                HAL_RCC_OscConfig
 .text.HAL_RCC_GetSysClockFreq
                0x00000000080049fc       0x5c ./Drivers/STM32F4xx_HAL_Driver/Src/stm32f4xx_hal_rcc.o
                0x00000000080049fc                HAL_RCC_GetSysClockFreq
 .text.HAL_RCC_ClockConfig
                0x0000000008004a58      0x134 ./Drivers/STM32F4xx_HAL_Driver/Src/stm32f4xx_hal_rcc.o
                0x0000000008004a58                HAL_RCC_ClockConfig
 .text.HAL_RCC_GetPCLK1Freq
                0x0000000008004b8c       0x20 ./Drivers/STM32F4xx_HAL_Driver/Src/stm32f4xx_hal_rcc.o
                0x0000000008004b8c                HAL_RCC_GetPCLK1Freq
 .text.HAL_RCC_GetPCLK2Freq
                0x0000000008004bac       0x20 ./Drivers/STM32F4xx_HAL_Driver/Src/stm32f4xx_hal_rcc.o
                0x0000000008004bac                HAL_RCC_GetPCLK2Freq
 .text.TIM_OC1_SetConfig
                0x0000000008004bcc       0x64 ./Drivers/STM32F4xx_HAL_Driver/Src/stm32f4xx_hal_tim.o
 .text.TIM_OC3_SetConfig
                0x0000000008004c30       0x6c ./Drivers/STM32F4xx_HAL_Driver/Src/stm32f4xx_hal_tim.o
 .text.TIM_OC4_SetConfig
                0x0000000008004c9c       0x4c ./Drivers/STM32F4xx_HAL_Driver/Src/stm32f4xx_hal_tim.o
 .text.HAL_TIM_Base_Start
                0x0000000008004ce8       0x6c ./Drivers/STM32F4xx_HAL_Driver/Src/stm32f4xx_hal_tim.o
                0x0000000008004ce8                HAL_TIM_Base_Start
 .text.HAL_TIM_Base_Start_IT
                0x0000000008004d54       0x74 ./Drivers/STM32F4xx_HAL_Driver/Src/stm32f4xx_hal_tim.o
                0x0000000008004d54                HAL_TIM_Base_Start_IT
 .text.HAL_TIM_PWM_MspInit
                0x0000000008004dc8        0x2 ./Drivers/STM32F4xx_HAL_Driver/Src/stm32f4xx_hal_tim.o
                0x0000000008004dc8                HAL_TIM_PWM_MspInit
 .text.HAL_TIM_IC_MspInit
                0x0000000008004dca        0x2 ./Drivers/STM32F4xx_HAL_Driver/Src/stm32f4xx_hal_tim.o
                0x0000000008004dca                HAL_TIM_IC_MspInit
 .text.HAL_TIM_Encoder_Start_IT
                0x0000000008004dcc       0xda ./Drivers/STM32F4xx_HAL_Driver/Src/stm32f4xx_hal_tim.o
                0x0000000008004dcc                HAL_TIM_Encoder_Start_IT
 .text.HAL_TIM_ReadCapturedValue
                0x0000000008004ea6       0x2c ./Drivers/STM32F4xx_HAL_Driver/Src/stm32f4xx_hal_tim.o
                0x0000000008004ea6                HAL_TIM_ReadCapturedValue
 .text.HAL_TIM_OC_DelayElapsedCallback
                0x0000000008004ed2        0x2 ./Drivers/STM32F4xx_HAL_Driver/Src/stm32f4xx_hal_tim.o
                0x0000000008004ed2                HAL_TIM_OC_DelayElapsedCallback
 .text.HAL_TIM_PWM_PulseFinishedCallback
                0x0000000008004ed4        0x2 ./Drivers/STM32F4xx_HAL_Driver/Src/stm32f4xx_hal_tim.o
                0x0000000008004ed4                HAL_TIM_PWM_PulseFinishedCallback
 .text.HAL_TIM_TriggerCallback
                0x0000000008004ed6        0x2 ./Drivers/STM32F4xx_HAL_Driver/Src/stm32f4xx_hal_tim.o
                0x0000000008004ed6                HAL_TIM_TriggerCallback
 .text.HAL_TIM_IRQHandler
                0x0000000008004ed8      0x128 ./Drivers/STM32F4xx_HAL_Driver/Src/stm32f4xx_hal_tim.o
                0x0000000008004ed8                HAL_TIM_IRQHandler
 .text.TIM_Base_SetConfig
                0x0000000008005000       0xd8 ./Drivers/STM32F4xx_HAL_Driver/Src/stm32f4xx_hal_tim.o
                0x0000000008005000                TIM_Base_SetConfig
 .text.HAL_TIM_Base_Init
                0x00000000080050d8       0x58 ./Drivers/STM32F4xx_HAL_Driver/Src/stm32f4xx_hal_tim.o
                0x00000000080050d8                HAL_TIM_Base_Init
 .text.HAL_TIM_PWM_Init
                0x0000000008005130       0x58 ./Drivers/STM32F4xx_HAL_Driver/Src/stm32f4xx_hal_tim.o
                0x0000000008005130                HAL_TIM_PWM_Init
 .text.HAL_TIM_IC_Init
                0x0000000008005188       0x58 ./Drivers/STM32F4xx_HAL_Driver/Src/stm32f4xx_hal_tim.o
                0x0000000008005188                HAL_TIM_IC_Init
 .text.HAL_TIM_Encoder_Init
                0x00000000080051e0       0xa8 ./Drivers/STM32F4xx_HAL_Driver/Src/stm32f4xx_hal_tim.o
                0x00000000080051e0                HAL_TIM_Encoder_Init
 .text.TIM_OC2_SetConfig
                0x0000000008005288       0x6c ./Drivers/STM32F4xx_HAL_Driver/Src/stm32f4xx_hal_tim.o
                0x0000000008005288                TIM_OC2_SetConfig
 .text.HAL_TIM_PWM_ConfigChannel
                0x00000000080052f4       0xb2 ./Drivers/STM32F4xx_HAL_Driver/Src/stm32f4xx_hal_tim.o
                0x00000000080052f4                HAL_TIM_PWM_ConfigChannel
 *fill*         0x00000000080053a6        0x2 
 .text.TIM_TI1_SetConfig
                0x00000000080053a8       0x74 ./Drivers/STM32F4xx_HAL_Driver/Src/stm32f4xx_hal_tim.o
                0x00000000080053a8                TIM_TI1_SetConfig
 .text.HAL_TIM_IC_ConfigChannel
                0x000000000800541c      0x12a ./Drivers/STM32F4xx_HAL_Driver/Src/stm32f4xx_hal_tim.o
                0x000000000800541c                HAL_TIM_IC_ConfigChannel
 .text.TIM_ETR_SetConfig
                0x0000000008005546       0x14 ./Drivers/STM32F4xx_HAL_Driver/Src/stm32f4xx_hal_tim.o
                0x0000000008005546                TIM_ETR_SetConfig
 .text.HAL_TIM_ConfigClockSource
                0x000000000800555a      0x132 ./Drivers/STM32F4xx_HAL_Driver/Src/stm32f4xx_hal_tim.o
                0x000000000800555a                HAL_TIM_ConfigClockSource
 .text.TIM_CCxChannelCmd
                0x000000000800568c       0x1c ./Drivers/STM32F4xx_HAL_Driver/Src/stm32f4xx_hal_tim.o
                0x000000000800568c                TIM_CCxChannelCmd
 .text.HAL_TIM_OC_Start
                0x00000000080056a8       0xcc ./Drivers/STM32F4xx_HAL_Driver/Src/stm32f4xx_hal_tim.o
                0x00000000080056a8                HAL_TIM_OC_Start
 .text.HAL_TIM_PWM_Start
                0x0000000008005774        0x4 ./Drivers/STM32F4xx_HAL_Driver/Src/stm32f4xx_hal_tim.o
                0x0000000008005774                HAL_TIM_PWM_Start
 .text.HAL_TIM_IC_Start_IT
                0x0000000008005778      0x104 ./Drivers/STM32F4xx_HAL_Driver/Src/stm32f4xx_hal_tim.o
                0x0000000008005778                HAL_TIM_IC_Start_IT
 .text.HAL_TIMEx_MasterConfigSynchronization
                0x000000000800587c       0x7c ./Drivers/STM32F4xx_HAL_Driver/Src/stm32f4xx_hal_tim_ex.o
                0x000000000800587c                HAL_TIMEx_MasterConfigSynchronization
 .text.HAL_TIMEx_ConfigBreakDeadTime
                0x00000000080058f8       0x4c ./Drivers/STM32F4xx_HAL_Driver/Src/stm32f4xx_hal_tim_ex.o
                0x00000000080058f8                HAL_TIMEx_ConfigBreakDeadTime
 .text.HAL_TIMEx_CommutCallback
                0x0000000008005944        0x2 ./Drivers/STM32F4xx_HAL_Driver/Src/stm32f4xx_hal_tim_ex.o
                0x0000000008005944                HAL_TIMEx_CommutCallback
 .text.HAL_TIMEx_BreakCallback
                0x0000000008005946        0x2 ./Drivers/STM32F4xx_HAL_Driver/Src/stm32f4xx_hal_tim_ex.o
                0x0000000008005946                HAL_TIMEx_BreakCallback
 .text.UART_EndRxTransfer
                0x0000000008005948       0x5c ./Drivers/STM32F4xx_HAL_Driver/Src/stm32f4xx_hal_uart.o
 .text.UART_SetConfig
                0x00000000080059a4       0xbc ./Drivers/STM32F4xx_HAL_Driver/Src/stm32f4xx_hal_uart.o
 .text.UART_WaitOnFlagUntilTimeout.constprop.0
                0x0000000008005a60       0x64 ./Drivers/STM32F4xx_HAL_Driver/Src/stm32f4xx_hal_uart.o
 .text.HAL_UART_Init
                0x0000000008005ac4       0x5e ./Drivers/STM32F4xx_HAL_Driver/Src/stm32f4xx_hal_uart.o
                0x0000000008005ac4                HAL_UART_Init
 .text.HAL_UART_Transmit
                0x0000000008005b22       0x9c ./Drivers/STM32F4xx_HAL_Driver/Src/stm32f4xx_hal_uart.o
                0x0000000008005b22                HAL_UART_Transmit
 .text.HAL_UART_TxCpltCallback
                0x0000000008005bbe        0x2 ./Drivers/STM32F4xx_HAL_Driver/Src/stm32f4xx_hal_uart.o
                0x0000000008005bbe                HAL_UART_TxCpltCallback
 .text.HAL_UART_ErrorCallback
                0x0000000008005bc0        0x2 ./Drivers/STM32F4xx_HAL_Driver/Src/stm32f4xx_hal_uart.o
                0x0000000008005bc0                HAL_UART_ErrorCallback
 .text.UART_DMAAbortOnError
                0x0000000008005bc2       0x10 ./Drivers/STM32F4xx_HAL_Driver/Src/stm32f4xx_hal_uart.o
 .text.HAL_UARTEx_RxEventCallback
                0x0000000008005bd2        0x2 ./Drivers/STM32F4xx_HAL_Driver/Src/stm32f4xx_hal_uart.o
                0x0000000008005bd2                HAL_UARTEx_RxEventCallback
 .text.UART_Receive_IT.isra.0
                0x0000000008005bd4       0xb6 ./Drivers/STM32F4xx_HAL_Driver/Src/stm32f4xx_hal_uart.o
 *fill*         0x0000000008005c8a        0x2 
 .text.HAL_UART_IRQHandler
                0x0000000008005c8c      0x294 ./Drivers/STM32F4xx_HAL_Driver/Src/stm32f4xx_hal_uart.o
                0x0000000008005c8c                HAL_UART_IRQHandler
 .text.UART_Start_Receive_IT
                0x0000000008005f20       0x32 ./Drivers/STM32F4xx_HAL_Driver/Src/stm32f4xx_hal_uart.o
                0x0000000008005f20                UART_Start_Receive_IT
 .text.HAL_UART_Receive_IT
                0x0000000008005f52       0x22 ./Drivers/STM32F4xx_HAL_Driver/Src/stm32f4xx_hal_uart.o
                0x0000000008005f52                HAL_UART_Receive_IT
 .text.malloc   0x0000000008005f74       0x10 C:/ST/STM32CubeIDE_1.14.1/STM32CubeIDE/plugins/com.st.stm32cube.ide.mcu.externaltools.gnu-tools-for-stm32.11.3.rel1.win32_1.1.100.202309141235/tools/bin/../lib/gcc/arm-none-eabi/11.3.1/../../../../arm-none-eabi/lib/thumb/v7e-m+fp/hard\libc_nano.a(libc_a-malloc.o)
                0x0000000008005f74                malloc
 .text.free     0x0000000008005f84       0x10 C:/ST/STM32CubeIDE_1.14.1/STM32CubeIDE/plugins/com.st.stm32cube.ide.mcu.externaltools.gnu-tools-for-stm32.11.3.rel1.win32_1.1.100.202309141235/tools/bin/../lib/gcc/arm-none-eabi/11.3.1/../../../../arm-none-eabi/lib/thumb/v7e-m+fp/hard\libc_nano.a(libc_a-malloc.o)
                0x0000000008005f84                free
 .text.sbrk_aligned
                0x0000000008005f94       0x40 C:/ST/STM32CubeIDE_1.14.1/STM32CubeIDE/plugins/com.st.stm32cube.ide.mcu.externaltools.gnu-tools-for-stm32.11.3.rel1.win32_1.1.100.202309141235/tools/bin/../lib/gcc/arm-none-eabi/11.3.1/../../../../arm-none-eabi/lib/thumb/v7e-m+fp/hard\libc_nano.a(libc_a-mallocr.o)
 .text._malloc_r
                0x0000000008005fd4      0x100 C:/ST/STM32CubeIDE_1.14.1/STM32CubeIDE/plugins/com.st.stm32cube.ide.mcu.externaltools.gnu-tools-for-stm32.11.3.rel1.win32_1.1.100.202309141235/tools/bin/../lib/gcc/arm-none-eabi/11.3.1/../../../../arm-none-eabi/lib/thumb/v7e-m+fp/hard\libc_nano.a(libc_a-mallocr.o)
                0x0000000008005fd4                _malloc_r
 .text.__malloc_lock
                0x00000000080060d4        0xc C:/ST/STM32CubeIDE_1.14.1/STM32CubeIDE/plugins/com.st.stm32cube.ide.mcu.externaltools.gnu-tools-for-stm32.11.3.rel1.win32_1.1.100.202309141235/tools/bin/../lib/gcc/arm-none-eabi/11.3.1/../../../../arm-none-eabi/lib/thumb/v7e-m+fp/hard\libc_nano.a(libc_a-mlock.o)
                0x00000000080060d4                __malloc_lock
 .text.__malloc_unlock
                0x00000000080060e0        0xc C:/ST/STM32CubeIDE_1.14.1/STM32CubeIDE/plugins/com.st.stm32cube.ide.mcu.externaltools.gnu-tools-for-stm32.11.3.rel1.win32_1.1.100.202309141235/tools/bin/../lib/gcc/arm-none-eabi/11.3.1/../../../../arm-none-eabi/lib/thumb/v7e-m+fp/hard\libc_nano.a(libc_a-mlock.o)
                0x00000000080060e0                __malloc_unlock
 .text.__cvt    0x00000000080060ec       0xc4 C:/ST/STM32CubeIDE_1.14.1/STM32CubeIDE/plugins/com.st.stm32cube.ide.mcu.externaltools.gnu-tools-for-stm32.11.3.rel1.win32_1.1.100.202309141235/tools/bin/../lib/gcc/arm-none-eabi/11.3.1/../../../../arm-none-eabi/lib/thumb/v7e-m+fp/hard\libc_nano.a(libc_a-nano-vfprintf_float.o)
                0x00000000080060ec                __cvt
 .text.__exponent
                0x00000000080061b0       0x7c C:/ST/STM32CubeIDE_1.14.1/STM32CubeIDE/plugins/com.st.stm32cube.ide.mcu.externaltools.gnu-tools-for-stm32.11.3.rel1.win32_1.1.100.202309141235/tools/bin/../lib/gcc/arm-none-eabi/11.3.1/../../../../arm-none-eabi/lib/thumb/v7e-m+fp/hard\libc_nano.a(libc_a-nano-vfprintf_float.o)
                0x00000000080061b0                __exponent
 .text._printf_float
                0x000000000800622c      0x46c C:/ST/STM32CubeIDE_1.14.1/STM32CubeIDE/plugins/com.st.stm32cube.ide.mcu.externaltools.gnu-tools-for-stm32.11.3.rel1.win32_1.1.100.202309141235/tools/bin/../lib/gcc/arm-none-eabi/11.3.1/../../../../arm-none-eabi/lib/thumb/v7e-m+fp/hard\libc_nano.a(libc_a-nano-vfprintf_float.o)
                0x000000000800622c                _printf_float
 .text._printf_common
                0x0000000008006698       0xda C:/ST/STM32CubeIDE_1.14.1/STM32CubeIDE/plugins/com.st.stm32cube.ide.mcu.externaltools.gnu-tools-for-stm32.11.3.rel1.win32_1.1.100.202309141235/tools/bin/../lib/gcc/arm-none-eabi/11.3.1/../../../../arm-none-eabi/lib/thumb/v7e-m+fp/hard\libc_nano.a(libc_a-nano-vfprintf_i.o)
                0x0000000008006698                _printf_common
 *fill*         0x0000000008006772        0x2 
 .text._printf_i
                0x0000000008006774      0x244 C:/ST/STM32CubeIDE_1.14.1/STM32CubeIDE/plugins/com.st.stm32cube.ide.mcu.externaltools.gnu-tools-for-stm32.11.3.rel1.win32_1.1.100.202309141235/tools/bin/../lib/gcc/arm-none-eabi/11.3.1/../../../../arm-none-eabi/lib/thumb/v7e-m+fp/hard\libc_nano.a(libc_a-nano-vfprintf_i.o)
                0x0000000008006774                _printf_i
 .text.std      0x00000000080069b8       0x6c C:/ST/STM32CubeIDE_1.14.1/STM32CubeIDE/plugins/com.st.stm32cube.ide.mcu.externaltools.gnu-tools-for-stm32.11.3.rel1.win32_1.1.100.202309141235/tools/bin/../lib/gcc/arm-none-eabi/11.3.1/../../../../arm-none-eabi/lib/thumb/v7e-m+fp/hard\libc_nano.a(libc_a-findfp.o)
 .text.stdio_exit_handler
                0x0000000008006a24       0x18 C:/ST/STM32CubeIDE_1.14.1/STM32CubeIDE/plugins/com.st.stm32cube.ide.mcu.externaltools.gnu-tools-for-stm32.11.3.rel1.win32_1.1.100.202309141235/tools/bin/../lib/gcc/arm-none-eabi/11.3.1/../../../../arm-none-eabi/lib/thumb/v7e-m+fp/hard\libc_nano.a(libc_a-findfp.o)
 .text.cleanup_stdio
                0x0000000008006a3c       0x40 C:/ST/STM32CubeIDE_1.14.1/STM32CubeIDE/plugins/com.st.stm32cube.ide.mcu.externaltools.gnu-tools-for-stm32.11.3.rel1.win32_1.1.100.202309141235/tools/bin/../lib/gcc/arm-none-eabi/11.3.1/../../../../arm-none-eabi/lib/thumb/v7e-m+fp/hard\libc_nano.a(libc_a-findfp.o)
 .text.global_stdio_init.part.0
                0x0000000008006a7c       0x3c C:/ST/STM32CubeIDE_1.14.1/STM32CubeIDE/plugins/com.st.stm32cube.ide.mcu.externaltools.gnu-tools-for-stm32.11.3.rel1.win32_1.1.100.202309141235/tools/bin/../lib/gcc/arm-none-eabi/11.3.1/../../../../arm-none-eabi/lib/thumb/v7e-m+fp/hard\libc_nano.a(libc_a-findfp.o)
 .text.__sfp_lock_acquire
                0x0000000008006ab8        0xc C:/ST/STM32CubeIDE_1.14.1/STM32CubeIDE/plugins/com.st.stm32cube.ide.mcu.externaltools.gnu-tools-for-stm32.11.3.rel1.win32_1.1.100.202309141235/tools/bin/../lib/gcc/arm-none-eabi/11.3.1/../../../../arm-none-eabi/lib/thumb/v7e-m+fp/hard\libc_nano.a(libc_a-findfp.o)
                0x0000000008006ab8                __sfp_lock_acquire
 .text.__sfp_lock_release
                0x0000000008006ac4        0xc C:/ST/STM32CubeIDE_1.14.1/STM32CubeIDE/plugins/com.st.stm32cube.ide.mcu.externaltools.gnu-tools-for-stm32.11.3.rel1.win32_1.1.100.202309141235/tools/bin/../lib/gcc/arm-none-eabi/11.3.1/../../../../arm-none-eabi/lib/thumb/v7e-m+fp/hard\libc_nano.a(libc_a-findfp.o)
                0x0000000008006ac4                __sfp_lock_release
 .text.__sinit  0x0000000008006ad0       0x30 C:/ST/STM32CubeIDE_1.14.1/STM32CubeIDE/plugins/com.st.stm32cube.ide.mcu.externaltools.gnu-tools-for-stm32.11.3.rel1.win32_1.1.100.202309141235/tools/bin/../lib/gcc/arm-none-eabi/11.3.1/../../../../arm-none-eabi/lib/thumb/v7e-m+fp/hard\libc_nano.a(libc_a-findfp.o)
                0x0000000008006ad0                __sinit
 .text._fwalk_sglue
                0x0000000008006b00       0x3c C:/ST/STM32CubeIDE_1.14.1/STM32CubeIDE/plugins/com.st.stm32cube.ide.mcu.externaltools.gnu-tools-for-stm32.11.3.rel1.win32_1.1.100.202309141235/tools/bin/../lib/gcc/arm-none-eabi/11.3.1/../../../../arm-none-eabi/lib/thumb/v7e-m+fp/hard\libc_nano.a(libc_a-fwalk.o)
                0x0000000008006b00                _fwalk_sglue
 .text.snprintf
                0x0000000008006b3c       0x68 C:/ST/STM32CubeIDE_1.14.1/STM32CubeIDE/plugins/com.st.stm32cube.ide.mcu.externaltools.gnu-tools-for-stm32.11.3.rel1.win32_1.1.100.202309141235/tools/bin/../lib/gcc/arm-none-eabi/11.3.1/../../../../arm-none-eabi/lib/thumb/v7e-m+fp/hard\libc_nano.a(libc_a-snprintf.o)
                0x0000000008006b3c                sniprintf
                0x0000000008006b3c                snprintf
 .text.__sread  0x0000000008006ba4       0x22 C:/ST/STM32CubeIDE_1.14.1/STM32CubeIDE/plugins/com.st.stm32cube.ide.mcu.externaltools.gnu-tools-for-stm32.11.3.rel1.win32_1.1.100.202309141235/tools/bin/../lib/gcc/arm-none-eabi/11.3.1/../../../../arm-none-eabi/lib/thumb/v7e-m+fp/hard\libc_nano.a(libc_a-stdio.o)
                0x0000000008006ba4                __sread
 .text.__swrite
                0x0000000008006bc6       0x38 C:/ST/STM32CubeIDE_1.14.1/STM32CubeIDE/plugins/com.st.stm32cube.ide.mcu.externaltools.gnu-tools-for-stm32.11.3.rel1.win32_1.1.100.202309141235/tools/bin/../lib/gcc/arm-none-eabi/11.3.1/../../../../arm-none-eabi/lib/thumb/v7e-m+fp/hard\libc_nano.a(libc_a-stdio.o)
                0x0000000008006bc6                __swrite
 .text.__sseek  0x0000000008006bfe       0x24 C:/ST/STM32CubeIDE_1.14.1/STM32CubeIDE/plugins/com.st.stm32cube.ide.mcu.externaltools.gnu-tools-for-stm32.11.3.rel1.win32_1.1.100.202309141235/tools/bin/../lib/gcc/arm-none-eabi/11.3.1/../../../../arm-none-eabi/lib/thumb/v7e-m+fp/hard\libc_nano.a(libc_a-stdio.o)
                0x0000000008006bfe                __sseek
 .text.__sclose
                0x0000000008006c22        0x8 C:/ST/STM32CubeIDE_1.14.1/STM32CubeIDE/plugins/com.st.stm32cube.ide.mcu.externaltools.gnu-tools-for-stm32.11.3.rel1.win32_1.1.100.202309141235/tools/bin/../lib/gcc/arm-none-eabi/11.3.1/../../../../arm-none-eabi/lib/thumb/v7e-m+fp/hard\libc_nano.a(libc_a-stdio.o)
                0x0000000008006c22                __sclose
 .text.memset   0x0000000008006c2a       0x10 C:/ST/STM32CubeIDE_1.14.1/STM32CubeIDE/plugins/com.st.stm32cube.ide.mcu.externaltools.gnu-tools-for-stm32.11.3.rel1.win32_1.1.100.202309141235/tools/bin/../lib/gcc/arm-none-eabi/11.3.1/../../../../arm-none-eabi/lib/thumb/v7e-m+fp/hard\libc_nano.a(libc_a-memset.o)
                0x0000000008006c2a                memset
 *fill*         0x0000000008006c3a        0x2 
 .text._localeconv_r
                0x0000000008006c3c        0x8 C:/ST/STM32CubeIDE_1.14.1/STM32CubeIDE/plugins/com.st.stm32cube.ide.mcu.externaltools.gnu-tools-for-stm32.11.3.rel1.win32_1.1.100.202309141235/tools/bin/../lib/gcc/arm-none-eabi/11.3.1/../../../../arm-none-eabi/lib/thumb/v7e-m+fp/hard\libc_nano.a(libc_a-localeconv.o)
                0x0000000008006c3c                _localeconv_r
 .text._close_r
                0x0000000008006c44       0x20 C:/ST/STM32CubeIDE_1.14.1/STM32CubeIDE/plugins/com.st.stm32cube.ide.mcu.externaltools.gnu-tools-for-stm32.11.3.rel1.win32_1.1.100.202309141235/tools/bin/../lib/gcc/arm-none-eabi/11.3.1/../../../../arm-none-eabi/lib/thumb/v7e-m+fp/hard\libc_nano.a(libc_a-closer.o)
                0x0000000008006c44                _close_r
 .text._lseek_r
                0x0000000008006c64       0x24 C:/ST/STM32CubeIDE_1.14.1/STM32CubeIDE/plugins/com.st.stm32cube.ide.mcu.externaltools.gnu-tools-for-stm32.11.3.rel1.win32_1.1.100.202309141235/tools/bin/../lib/gcc/arm-none-eabi/11.3.1/../../../../arm-none-eabi/lib/thumb/v7e-m+fp/hard\libc_nano.a(libc_a-lseekr.o)
                0x0000000008006c64                _lseek_r
 .text._read_r  0x0000000008006c88       0x24 C:/ST/STM32CubeIDE_1.14.1/STM32CubeIDE/plugins/com.st.stm32cube.ide.mcu.externaltools.gnu-tools-for-stm32.11.3.rel1.win32_1.1.100.202309141235/tools/bin/../lib/gcc/arm-none-eabi/11.3.1/../../../../arm-none-eabi/lib/thumb/v7e-m+fp/hard\libc_nano.a(libc_a-readr.o)
                0x0000000008006c88                _read_r
 .text._sbrk_r  0x0000000008006cac       0x20 C:/ST/STM32CubeIDE_1.14.1/STM32CubeIDE/plugins/com.st.stm32cube.ide.mcu.externaltools.gnu-tools-for-stm32.11.3.rel1.win32_1.1.100.202309141235/tools/bin/../lib/gcc/arm-none-eabi/11.3.1/../../../../arm-none-eabi/lib/thumb/v7e-m+fp/hard\libc_nano.a(libc_a-sbrkr.o)
                0x0000000008006cac                _sbrk_r
 .text._write_r
                0x0000000008006ccc       0x24 C:/ST/STM32CubeIDE_1.14.1/STM32CubeIDE/plugins/com.st.stm32cube.ide.mcu.externaltools.gnu-tools-for-stm32.11.3.rel1.win32_1.1.100.202309141235/tools/bin/../lib/gcc/arm-none-eabi/11.3.1/../../../../arm-none-eabi/lib/thumb/v7e-m+fp/hard\libc_nano.a(libc_a-writer.o)
                0x0000000008006ccc                _write_r
 .text.__errno  0x0000000008006cf0        0xc C:/ST/STM32CubeIDE_1.14.1/STM32CubeIDE/plugins/com.st.stm32cube.ide.mcu.externaltools.gnu-tools-for-stm32.11.3.rel1.win32_1.1.100.202309141235/tools/bin/../lib/gcc/arm-none-eabi/11.3.1/../../../../arm-none-eabi/lib/thumb/v7e-m+fp/hard\libc_nano.a(libc_a-errno.o)
                0x0000000008006cf0                __errno
 .text.__libc_init_array
                0x0000000008006cfc       0x48 C:/ST/STM32CubeIDE_1.14.1/STM32CubeIDE/plugins/com.st.stm32cube.ide.mcu.externaltools.gnu-tools-for-stm32.11.3.rel1.win32_1.1.100.202309141235/tools/bin/../lib/gcc/arm-none-eabi/11.3.1/../../../../arm-none-eabi/lib/thumb/v7e-m+fp/hard\libc_nano.a(libc_a-init.o)
                0x0000000008006cfc                __libc_init_array
 .text.__retarget_lock_init_recursive
                0x0000000008006d44        0x2 C:/ST/STM32CubeIDE_1.14.1/STM32CubeIDE/plugins/com.st.stm32cube.ide.mcu.externaltools.gnu-tools-for-stm32.11.3.rel1.win32_1.1.100.202309141235/tools/bin/../lib/gcc/arm-none-eabi/11.3.1/../../../../arm-none-eabi/lib/thumb/v7e-m+fp/hard\libc_nano.a(libc_a-lock.o)
                0x0000000008006d44                __retarget_lock_init_recursive
 .text.__retarget_lock_acquire_recursive
                0x0000000008006d46        0x2 C:/ST/STM32CubeIDE_1.14.1/STM32CubeIDE/plugins/com.st.stm32cube.ide.mcu.externaltools.gnu-tools-for-stm32.11.3.rel1.win32_1.1.100.202309141235/tools/bin/../lib/gcc/arm-none-eabi/11.3.1/../../../../arm-none-eabi/lib/thumb/v7e-m+fp/hard\libc_nano.a(libc_a-lock.o)
                0x0000000008006d46                __retarget_lock_acquire_recursive
 .text.__retarget_lock_release_recursive
                0x0000000008006d48        0x2 C:/ST/STM32CubeIDE_1.14.1/STM32CubeIDE/plugins/com.st.stm32cube.ide.mcu.externaltools.gnu-tools-for-stm32.11.3.rel1.win32_1.1.100.202309141235/tools/bin/../lib/gcc/arm-none-eabi/11.3.1/../../../../arm-none-eabi/lib/thumb/v7e-m+fp/hard\libc_nano.a(libc_a-lock.o)
                0x0000000008006d48                __retarget_lock_release_recursive
 .text.memcpy   0x0000000008006d4a       0x1c C:/ST/STM32CubeIDE_1.14.1/STM32CubeIDE/plugins/com.st.stm32cube.ide.mcu.externaltools.gnu-tools-for-stm32.11.3.rel1.win32_1.1.100.202309141235/tools/bin/../lib/gcc/arm-none-eabi/11.3.1/../../../../arm-none-eabi/lib/thumb/v7e-m+fp/hard\libc_nano.a(libc_a-memcpy-stub.o)
                0x0000000008006d4a                memcpy
 .text.quorem   0x0000000008006d66      0x110 C:/ST/STM32CubeIDE_1.14.1/STM32CubeIDE/plugins/com.st.stm32cube.ide.mcu.externaltools.gnu-tools-for-stm32.11.3.rel1.win32_1.1.100.202309141235/tools/bin/../lib/gcc/arm-none-eabi/11.3.1/../../../../arm-none-eabi/lib/thumb/v7e-m+fp/hard\libc_nano.a(libc_a-dtoa.o)
 *fill*         0x0000000008006e76        0x2 
 .text._dtoa_r  0x0000000008006e78      0xbe4 C:/ST/STM32CubeIDE_1.14.1/STM32CubeIDE/plugins/com.st.stm32cube.ide.mcu.externaltools.gnu-tools-for-stm32.11.3.rel1.win32_1.1.100.202309141235/tools/bin/../lib/gcc/arm-none-eabi/11.3.1/../../../../arm-none-eabi/lib/thumb/v7e-m+fp/hard\libc_nano.a(libc_a-dtoa.o)
                0x0000000008006e78                _dtoa_r
 .text._free_r  0x0000000008007a5c       0x98 C:/ST/STM32CubeIDE_1.14.1/STM32CubeIDE/plugins/com.st.stm32cube.ide.mcu.externaltools.gnu-tools-for-stm32.11.3.rel1.win32_1.1.100.202309141235/tools/bin/../lib/gcc/arm-none-eabi/11.3.1/../../../../arm-none-eabi/lib/thumb/v7e-m+fp/hard\libc_nano.a(libc_a-freer.o)
                0x0000000008007a5c                _free_r
 .text._Balloc  0x0000000008007af4       0x80 C:/ST/STM32CubeIDE_1.14.1/STM32CubeIDE/plugins/com.st.stm32cube.ide.mcu.externaltools.gnu-tools-for-stm32.11.3.rel1.win32_1.1.100.202309141235/tools/bin/../lib/gcc/arm-none-eabi/11.3.1/../../../../arm-none-eabi/lib/thumb/v7e-m+fp/hard\libc_nano.a(libc_a-mprec.o)
                0x0000000008007af4                _Balloc
 .text._Bfree   0x0000000008007b74       0x44 C:/ST/STM32CubeIDE_1.14.1/STM32CubeIDE/plugins/com.st.stm32cube.ide.mcu.externaltools.gnu-tools-for-stm32.11.3.rel1.win32_1.1.100.202309141235/tools/bin/../lib/gcc/arm-none-eabi/11.3.1/../../../../arm-none-eabi/lib/thumb/v7e-m+fp/hard\libc_nano.a(libc_a-mprec.o)
                0x0000000008007b74                _Bfree
 .text.__multadd
                0x0000000008007bb8       0x8c C:/ST/STM32CubeIDE_1.14.1/STM32CubeIDE/plugins/com.st.stm32cube.ide.mcu.externaltools.gnu-tools-for-stm32.11.3.rel1.win32_1.1.100.202309141235/tools/bin/../lib/gcc/arm-none-eabi/11.3.1/../../../../arm-none-eabi/lib/thumb/v7e-m+fp/hard\libc_nano.a(libc_a-mprec.o)
                0x0000000008007bb8                __multadd
 .text.__hi0bits
                0x0000000008007c44       0x40 C:/ST/STM32CubeIDE_1.14.1/STM32CubeIDE/plugins/com.st.stm32cube.ide.mcu.externaltools.gnu-tools-for-stm32.11.3.rel1.win32_1.1.100.202309141235/tools/bin/../lib/gcc/arm-none-eabi/11.3.1/../../../../arm-none-eabi/lib/thumb/v7e-m+fp/hard\libc_nano.a(libc_a-mprec.o)
                0x0000000008007c44                __hi0bits
 .text.__lo0bits
                0x0000000008007c84       0x5a C:/ST/STM32CubeIDE_1.14.1/STM32CubeIDE/plugins/com.st.stm32cube.ide.mcu.externaltools.gnu-tools-for-stm32.11.3.rel1.win32_1.1.100.202309141235/tools/bin/../lib/gcc/arm-none-eabi/11.3.1/../../../../arm-none-eabi/lib/thumb/v7e-m+fp/hard\libc_nano.a(libc_a-mprec.o)
                0x0000000008007c84                __lo0bits
 *fill*         0x0000000008007cde        0x2 
 .text.__i2b    0x0000000008007ce0       0x2c C:/ST/STM32CubeIDE_1.14.1/STM32CubeIDE/plugins/com.st.stm32cube.ide.mcu.externaltools.gnu-tools-for-stm32.11.3.rel1.win32_1.1.100.202309141235/tools/bin/../lib/gcc/arm-none-eabi/11.3.1/../../../../arm-none-eabi/lib/thumb/v7e-m+fp/hard\libc_nano.a(libc_a-mprec.o)
                0x0000000008007ce0                __i2b
 .text.__multiply
                0x0000000008007d0c      0x154 C:/ST/STM32CubeIDE_1.14.1/STM32CubeIDE/plugins/com.st.stm32cube.ide.mcu.externaltools.gnu-tools-for-stm32.11.3.rel1.win32_1.1.100.202309141235/tools/bin/../lib/gcc/arm-none-eabi/11.3.1/../../../../arm-none-eabi/lib/thumb/v7e-m+fp/hard\libc_nano.a(libc_a-mprec.o)
                0x0000000008007d0c                __multiply
 .text.__pow5mult
                0x0000000008007e60       0xb4 C:/ST/STM32CubeIDE_1.14.1/STM32CubeIDE/plugins/com.st.stm32cube.ide.mcu.externaltools.gnu-tools-for-stm32.11.3.rel1.win32_1.1.100.202309141235/tools/bin/../lib/gcc/arm-none-eabi/11.3.1/../../../../arm-none-eabi/lib/thumb/v7e-m+fp/hard\libc_nano.a(libc_a-mprec.o)
                0x0000000008007e60                __pow5mult
 .text.__lshift
                0x0000000008007f14       0xd8 C:/ST/STM32CubeIDE_1.14.1/STM32CubeIDE/plugins/com.st.stm32cube.ide.mcu.externaltools.gnu-tools-for-stm32.11.3.rel1.win32_1.1.100.202309141235/tools/bin/../lib/gcc/arm-none-eabi/11.3.1/../../../../arm-none-eabi/lib/thumb/v7e-m+fp/hard\libc_nano.a(libc_a-mprec.o)
                0x0000000008007f14                __lshift
 .text.__mcmp   0x0000000008007fec       0x38 C:/ST/STM32CubeIDE_1.14.1/STM32CubeIDE/plugins/com.st.stm32cube.ide.mcu.externaltools.gnu-tools-for-stm32.11.3.rel1.win32_1.1.100.202309141235/tools/bin/../lib/gcc/arm-none-eabi/11.3.1/../../../../arm-none-eabi/lib/thumb/v7e-m+fp/hard\libc_nano.a(libc_a-mprec.o)
                0x0000000008007fec                __mcmp
 .text.__mdiff  0x0000000008008024      0x114 C:/ST/STM32CubeIDE_1.14.1/STM32CubeIDE/plugins/com.st.stm32cube.ide.mcu.externaltools.gnu-tools-for-stm32.11.3.rel1.win32_1.1.100.202309141235/tools/bin/../lib/gcc/arm-none-eabi/11.3.1/../../../../arm-none-eabi/lib/thumb/v7e-m+fp/hard\libc_nano.a(libc_a-mprec.o)
                0x0000000008008024                __mdiff
 .text.__d2b    0x0000000008008138       0xb4 C:/ST/STM32CubeIDE_1.14.1/STM32CubeIDE/plugins/com.st.stm32cube.ide.mcu.externaltools.gnu-tools-for-stm32.11.3.rel1.win32_1.1.100.202309141235/tools/bin/../lib/gcc/arm-none-eabi/11.3.1/../../../../arm-none-eabi/lib/thumb/v7e-m+fp/hard\libc_nano.a(libc_a-mprec.o)
                0x0000000008008138                __d2b
 .text.__ssputs_r
                0x00000000080081ec       0xb4 C:/ST/STM32CubeIDE_1.14.1/STM32CubeIDE/plugins/com.st.stm32cube.ide.mcu.externaltools.gnu-tools-for-stm32.11.3.rel1.win32_1.1.100.202309141235/tools/bin/../lib/gcc/arm-none-eabi/11.3.1/../../../../arm-none-eabi/lib/thumb/v7e-m+fp/hard\libc_nano.a(libc_a-nano-svfprintf.o)
                0x00000000080081ec                __ssputs_r
 .text._svfprintf_r
                0x00000000080082a0      0x1fc C:/ST/STM32CubeIDE_1.14.1/STM32CubeIDE/plugins/com.st.stm32cube.ide.mcu.externaltools.gnu-tools-for-stm32.11.3.rel1.win32_1.1.100.202309141235/tools/bin/../lib/gcc/arm-none-eabi/11.3.1/../../../../arm-none-eabi/lib/thumb/v7e-m+fp/hard\libc_nano.a(libc_a-nano-svfprintf.o)
                0x00000000080082a0                _svfiprintf_r
                0x00000000080082a0                _svfprintf_r
 .text.__sflush_r
                0x000000000800849c      0x10c C:/ST/STM32CubeIDE_1.14.1/STM32CubeIDE/plugins/com.st.stm32cube.ide.mcu.externaltools.gnu-tools-for-stm32.11.3.rel1.win32_1.1.100.202309141235/tools/bin/../lib/gcc/arm-none-eabi/11.3.1/../../../../arm-none-eabi/lib/thumb/v7e-m+fp/hard\libc_nano.a(libc_a-fflush.o)
                0x000000000800849c                __sflush_r
 .text._fflush_r
                0x00000000080085a8       0x50 C:/ST/STM32CubeIDE_1.14.1/STM32CubeIDE/plugins/com.st.stm32cube.ide.mcu.externaltools.gnu-tools-for-stm32.11.3.rel1.win32_1.1.100.202309141235/tools/bin/../lib/gcc/arm-none-eabi/11.3.1/../../../../arm-none-eabi/lib/thumb/v7e-m+fp/hard\libc_nano.a(libc_a-fflush.o)
                0x00000000080085a8                _fflush_r
 .text.memmove  0x00000000080085f8       0x34 C:/ST/STM32CubeIDE_1.14.1/STM32CubeIDE/plugins/com.st.stm32cube.ide.mcu.externaltools.gnu-tools-for-stm32.11.3.rel1.win32_1.1.100.202309141235/tools/bin/../lib/gcc/arm-none-eabi/11.3.1/../../../../arm-none-eabi/lib/thumb/v7e-m+fp/hard\libc_nano.a(libc_a-memmove.o)
                0x00000000080085f8                memmove
 .text.__assert_func
                0x000000000800862c       0x3c C:/ST/STM32CubeIDE_1.14.1/STM32CubeIDE/plugins/com.st.stm32cube.ide.mcu.externaltools.gnu-tools-for-stm32.11.3.rel1.win32_1.1.100.202309141235/tools/bin/../lib/gcc/arm-none-eabi/11.3.1/../../../../arm-none-eabi/lib/thumb/v7e-m+fp/hard\libc_nano.a(libc_a-assert.o)
                0x000000000800862c                __assert_func
 .text._calloc_r
                0x0000000008008668       0x2c C:/ST/STM32CubeIDE_1.14.1/STM32CubeIDE/plugins/com.st.stm32cube.ide.mcu.externaltools.gnu-tools-for-stm32.11.3.rel1.win32_1.1.100.202309141235/tools/bin/../lib/gcc/arm-none-eabi/11.3.1/../../../../arm-none-eabi/lib/thumb/v7e-m+fp/hard\libc_nano.a(libc_a-callocr.o)
                0x0000000008008668                _calloc_r
 .text.__ascii_mbtowc
                0x0000000008008694       0x24 C:/ST/STM32CubeIDE_1.14.1/STM32CubeIDE/plugins/com.st.stm32cube.ide.mcu.externaltools.gnu-tools-for-stm32.11.3.rel1.win32_1.1.100.202309141235/tools/bin/../lib/gcc/arm-none-eabi/11.3.1/../../../../arm-none-eabi/lib/thumb/v7e-m+fp/hard\libc_nano.a(libc_a-mbtowc_r.o)
                0x0000000008008694                __ascii_mbtowc
 .text._realloc_r
                0x00000000080086b8       0x5e C:/ST/STM32CubeIDE_1.14.1/STM32CubeIDE/plugins/com.st.stm32cube.ide.mcu.externaltools.gnu-tools-for-stm32.11.3.rel1.win32_1.1.100.202309141235/tools/bin/../lib/gcc/arm-none-eabi/11.3.1/../../../../arm-none-eabi/lib/thumb/v7e-m+fp/hard\libc_nano.a(libc_a-reallocr.o)
                0x00000000080086b8                _realloc_r
 .text.__ascii_wctomb
                0x0000000008008716       0x1a C:/ST/STM32CubeIDE_1.14.1/STM32CubeIDE/plugins/com.st.stm32cube.ide.mcu.externaltools.gnu-tools-for-stm32.11.3.rel1.win32_1.1.100.202309141235/tools/bin/../lib/gcc/arm-none-eabi/11.3.1/../../../../arm-none-eabi/lib/thumb/v7e-m+fp/hard\libc_nano.a(libc_a-wctomb_r.o)
                0x0000000008008716                __ascii_wctomb
 .text.fprintf  0x0000000008008730       0x24 C:/ST/STM32CubeIDE_1.14.1/STM32CubeIDE/plugins/com.st.stm32cube.ide.mcu.externaltools.gnu-tools-for-stm32.11.3.rel1.win32_1.1.100.202309141235/tools/bin/../lib/gcc/arm-none-eabi/11.3.1/../../../../arm-none-eabi/lib/thumb/v7e-m+fp/hard\libc_nano.a(libc_a-fprintf.o)
                0x0000000008008730                fiprintf
                0x0000000008008730                fprintf
 .text.abort    0x0000000008008754        0xe C:/ST/STM32CubeIDE_1.14.1/STM32CubeIDE/plugins/com.st.stm32cube.ide.mcu.externaltools.gnu-tools-for-stm32.11.3.rel1.win32_1.1.100.202309141235/tools/bin/../lib/gcc/arm-none-eabi/11.3.1/../../../../arm-none-eabi/lib/thumb/v7e-m+fp/hard\libc_nano.a(libc_a-abort.o)
                0x0000000008008754                abort
 .text._malloc_usable_size_r
                0x0000000008008762       0x10 C:/ST/STM32CubeIDE_1.14.1/STM32CubeIDE/plugins/com.st.stm32cube.ide.mcu.externaltools.gnu-tools-for-stm32.11.3.rel1.win32_1.1.100.202309141235/tools/bin/../lib/gcc/arm-none-eabi/11.3.1/../../../../arm-none-eabi/lib/thumb/v7e-m+fp/hard\libc_nano.a(libc_a-msizer.o)
                0x0000000008008762                _malloc_usable_size_r
 .text.__sfputc_r
                0x0000000008008772       0x2e C:/ST/STM32CubeIDE_1.14.1/STM32CubeIDE/plugins/com.st.stm32cube.ide.mcu.externaltools.gnu-tools-for-stm32.11.3.rel1.win32_1.1.100.202309141235/tools/bin/../lib/gcc/arm-none-eabi/11.3.1/../../../../arm-none-eabi/lib/thumb/v7e-m+fp/hard\libc_nano.a(libc_a-nano-vfprintf.o)
 .text.__sfputs_r
                0x00000000080087a0       0x24 C:/ST/STM32CubeIDE_1.14.1/STM32CubeIDE/plugins/com.st.stm32cube.ide.mcu.externaltools.gnu-tools-for-stm32.11.3.rel1.win32_1.1.100.202309141235/tools/bin/../lib/gcc/arm-none-eabi/11.3.1/../../../../arm-none-eabi/lib/thumb/v7e-m+fp/hard\libc_nano.a(libc_a-nano-vfprintf.o)
                0x00000000080087a0                __sfputs_r
 .text._vfprintf_r
                0x00000000080087c4      0x234 C:/ST/STM32CubeIDE_1.14.1/STM32CubeIDE/plugins/com.st.stm32cube.ide.mcu.externaltools.gnu-tools-for-stm32.11.3.rel1.win32_1.1.100.202309141235/tools/bin/../lib/gcc/arm-none-eabi/11.3.1/../../../../arm-none-eabi/lib/thumb/v7e-m+fp/hard\libc_nano.a(libc_a-nano-vfprintf.o)
                0x00000000080087c4                _vfprintf_r
                0x00000000080087c4                _vfiprintf_r
 .text.__swbuf_r
                0x00000000080089f8       0x7a C:/ST/STM32CubeIDE_1.14.1/STM32CubeIDE/plugins/com.st.stm32cube.ide.mcu.externaltools.gnu-tools-for-stm32.11.3.rel1.win32_1.1.100.202309141235/tools/bin/../lib/gcc/arm-none-eabi/11.3.1/../../../../arm-none-eabi/lib/thumb/v7e-m+fp/hard\libc_nano.a(libc_a-wbuf.o)
                0x00000000080089f8                __swbuf_r
 *fill*         0x0000000008008a72        0x2 
 .text.__swsetup_r
                0x0000000008008a74       0xb0 C:/ST/STM32CubeIDE_1.14.1/STM32CubeIDE/plugins/com.st.stm32cube.ide.mcu.externaltools.gnu-tools-for-stm32.11.3.rel1.win32_1.1.100.202309141235/tools/bin/../lib/gcc/arm-none-eabi/11.3.1/../../../../arm-none-eabi/lib/thumb/v7e-m+fp/hard\libc_nano.a(libc_a-wsetup.o)
                0x0000000008008a74                __swsetup_r
 .text._raise_r
                0x0000000008008b24       0x50 C:/ST/STM32CubeIDE_1.14.1/STM32CubeIDE/plugins/com.st.stm32cube.ide.mcu.externaltools.gnu-tools-for-stm32.11.3.rel1.win32_1.1.100.202309141235/tools/bin/../lib/gcc/arm-none-eabi/11.3.1/../../../../arm-none-eabi/lib/thumb/v7e-m+fp/hard\libc_nano.a(libc_a-signal.o)
                0x0000000008008b24                _raise_r
 .text.raise    0x0000000008008b74       0x10 C:/ST/STM32CubeIDE_1.14.1/STM32CubeIDE/plugins/com.st.stm32cube.ide.mcu.externaltools.gnu-tools-for-stm32.11.3.rel1.win32_1.1.100.202309141235/tools/bin/../lib/gcc/arm-none-eabi/11.3.1/../../../../arm-none-eabi/lib/thumb/v7e-m+fp/hard\libc_nano.a(libc_a-signal.o)
                0x0000000008008b74                raise
 .text._kill_r  0x0000000008008b84       0x24 C:/ST/STM32CubeIDE_1.14.1/STM32CubeIDE/plugins/com.st.stm32cube.ide.mcu.externaltools.gnu-tools-for-stm32.11.3.rel1.win32_1.1.100.202309141235/tools/bin/../lib/gcc/arm-none-eabi/11.3.1/../../../../arm-none-eabi/lib/thumb/v7e-m+fp/hard\libc_nano.a(libc_a-signalr.o)
                0x0000000008008b84                _kill_r
 .text._getpid_r
                0x0000000008008ba8        0x4 C:/ST/STM32CubeIDE_1.14.1/STM32CubeIDE/plugins/com.st.stm32cube.ide.mcu.externaltools.gnu-tools-for-stm32.11.3.rel1.win32_1.1.100.202309141235/tools/bin/../lib/gcc/arm-none-eabi/11.3.1/../../../../arm-none-eabi/lib/thumb/v7e-m+fp/hard\libc_nano.a(libc_a-signalr.o)
                0x0000000008008ba8                _getpid_r
 .text.__swhatbuf_r
                0x0000000008008bac       0x4c C:/ST/STM32CubeIDE_1.14.1/STM32CubeIDE/plugins/com.st.stm32cube.ide.mcu.externaltools.gnu-tools-for-stm32.11.3.rel1.win32_1.1.100.202309141235/tools/bin/../lib/gcc/arm-none-eabi/11.3.1/../../../../arm-none-eabi/lib/thumb/v7e-m+fp/hard\libc_nano.a(libc_a-makebuf.o)
                0x0000000008008bac                __swhatbuf_r
 .text.__smakebuf_r
                0x0000000008008bf8       0x78 C:/ST/STM32CubeIDE_1.14.1/STM32CubeIDE/plugins/com.st.stm32cube.ide.mcu.externaltools.gnu-tools-for-stm32.11.3.rel1.win32_1.1.100.202309141235/tools/bin/../lib/gcc/arm-none-eabi/11.3.1/../../../../arm-none-eabi/lib/thumb/v7e-m+fp/hard\libc_nano.a(libc_a-makebuf.o)
                0x0000000008008bf8                __smakebuf_r
 .text._fstat_r
                0x0000000008008c70       0x24 C:/ST/STM32CubeIDE_1.14.1/STM32CubeIDE/plugins/com.st.stm32cube.ide.mcu.externaltools.gnu-tools-for-stm32.11.3.rel1.win32_1.1.100.202309141235/tools/bin/../lib/gcc/arm-none-eabi/11.3.1/../../../../arm-none-eabi/lib/thumb/v7e-m+fp/hard\libc_nano.a(libc_a-fstatr.o)
                0x0000000008008c70                _fstat_r
 .text._isatty_r
                0x0000000008008c94       0x20 C:/ST/STM32CubeIDE_1.14.1/STM32CubeIDE/plugins/com.st.stm32cube.ide.mcu.externaltools.gnu-tools-for-stm32.11.3.rel1.win32_1.1.100.202309141235/tools/bin/../lib/gcc/arm-none-eabi/11.3.1/../../../../arm-none-eabi/lib/thumb/v7e-m+fp/hard\libc_nano.a(libc_a-isattyr.o)
                0x0000000008008c94                _isatty_r
 .text.atan2    0x0000000008008cb4        0x4 C:/ST/STM32CubeIDE_1.14.1/STM32CubeIDE/plugins/com.st.stm32cube.ide.mcu.externaltools.gnu-tools-for-stm32.11.3.rel1.win32_1.1.100.202309141235/tools/bin/../lib/gcc/arm-none-eabi/11.3.1/../../../../arm-none-eabi/lib/thumb/v7e-m+fp/hard\libm.a(libm_a-w_atan2.o)
                0x0000000008008cb4                atan2
 .text.pow      0x0000000008008cb8       0xe0 C:/ST/STM32CubeIDE_1.14.1/STM32CubeIDE/plugins/com.st.stm32cube.ide.mcu.externaltools.gnu-tools-for-stm32.11.3.rel1.win32_1.1.100.202309141235/tools/bin/../lib/gcc/arm-none-eabi/11.3.1/../../../../arm-none-eabi/lib/thumb/v7e-m+fp/hard\libm.a(libm_a-w_pow.o)
                0x0000000008008cb8                pow
 .text.sqrt     0x0000000008008d98       0x58 C:/ST/STM32CubeIDE_1.14.1/STM32CubeIDE/plugins/com.st.stm32cube.ide.mcu.externaltools.gnu-tools-for-stm32.11.3.rel1.win32_1.1.100.202309141235/tools/bin/../lib/gcc/arm-none-eabi/11.3.1/../../../../arm-none-eabi/lib/thumb/v7e-m+fp/hard\libm.a(libm_a-w_sqrt.o)
                0x0000000008008d98                sqrt
 .text.sin      0x0000000008008df0       0xb0 C:/ST/STM32CubeIDE_1.14.1/STM32CubeIDE/plugins/com.st.stm32cube.ide.mcu.externaltools.gnu-tools-for-stm32.11.3.rel1.win32_1.1.100.202309141235/tools/bin/../lib/gcc/arm-none-eabi/11.3.1/../../../../arm-none-eabi/lib/thumb/v7e-m+fp/hard\libm.a(libm_a-s_sin.o)
                0x0000000008008df0                sin
 .text.tan      0x0000000008008ea0       0x68 C:/ST/STM32CubeIDE_1.14.1/STM32CubeIDE/plugins/com.st.stm32cube.ide.mcu.externaltools.gnu-tools-for-stm32.11.3.rel1.win32_1.1.100.202309141235/tools/bin/../lib/gcc/arm-none-eabi/11.3.1/../../../../arm-none-eabi/lib/thumb/v7e-m+fp/hard\libm.a(libm_a-s_tan.o)
                0x0000000008008ea0                tan
 .text.finite   0x0000000008008f08       0x16 C:/ST/STM32CubeIDE_1.14.1/STM32CubeIDE/plugins/com.st.stm32cube.ide.mcu.externaltools.gnu-tools-for-stm32.11.3.rel1.win32_1.1.100.202309141235/tools/bin/../lib/gcc/arm-none-eabi/11.3.1/../../../../arm-none-eabi/lib/thumb/v7e-m+fp/hard\libm.a(libm_a-s_finite.o)
                0x0000000008008f08                finite
 *fill*         0x0000000008008f1e        0x2 
 .text.__ieee754_sqrt
                0x0000000008008f20      0x1b4 C:/ST/STM32CubeIDE_1.14.1/STM32CubeIDE/plugins/com.st.stm32cube.ide.mcu.externaltools.gnu-tools-for-stm32.11.3.rel1.win32_1.1.100.202309141235/tools/bin/../lib/gcc/arm-none-eabi/11.3.1/../../../../arm-none-eabi/lib/thumb/v7e-m+fp/hard\libm.a(libm_a-e_sqrt.o)
                0x0000000008008f20                __ieee754_sqrt
 *fill*         0x00000000080090d4        0x4 
 .text.__kernel_cos
                0x00000000080090d8      0x18c C:/ST/STM32CubeIDE_1.14.1/STM32CubeIDE/plugins/com.st.stm32cube.ide.mcu.externaltools.gnu-tools-for-stm32.11.3.rel1.win32_1.1.100.202309141235/tools/bin/../lib/gcc/arm-none-eabi/11.3.1/../../../../arm-none-eabi/lib/thumb/v7e-m+fp/hard\libm.a(libm_a-k_cos.o)
                0x00000000080090d8                __kernel_cos
 *fill*         0x0000000008009264        0x4 
 .text.__kernel_sin
                0x0000000008009268      0x17c C:/ST/STM32CubeIDE_1.14.1/STM32CubeIDE/plugins/com.st.stm32cube.ide.mcu.externaltools.gnu-tools-for-stm32.11.3.rel1.win32_1.1.100.202309141235/tools/bin/../lib/gcc/arm-none-eabi/11.3.1/../../../../arm-none-eabi/lib/thumb/v7e-m+fp/hard\libm.a(libm_a-k_sin.o)
                0x0000000008009268                __kernel_sin
 *fill*         0x00000000080093e4        0x4 
 .text.__kernel_tan
                0x00000000080093e8      0x414 C:/ST/STM32CubeIDE_1.14.1/STM32CubeIDE/plugins/com.st.stm32cube.ide.mcu.externaltools.gnu-tools-for-stm32.11.3.rel1.win32_1.1.100.202309141235/tools/bin/../lib/gcc/arm-none-eabi/11.3.1/../../../../arm-none-eabi/lib/thumb/v7e-m+fp/hard\libm.a(libm_a-k_tan.o)
                0x00000000080093e8                __kernel_tan
 *fill*         0x00000000080097fc        0x4 
 .text.__ieee754_atan2
                0x0000000008009800      0x18c C:/ST/STM32CubeIDE_1.14.1/STM32CubeIDE/plugins/com.st.stm32cube.ide.mcu.externaltools.gnu-tools-for-stm32.11.3.rel1.win32_1.1.100.202309141235/tools/bin/../lib/gcc/arm-none-eabi/11.3.1/../../../../arm-none-eabi/lib/thumb/v7e-m+fp/hard\libm.a(libm_a-e_atan2.o)
                0x0000000008009800                __ieee754_atan2
 *fill*         0x000000000800998c        0x4 
 .text.__ieee754_pow
                0x0000000008009990      0xa54 C:/ST/STM32CubeIDE_1.14.1/STM32CubeIDE/plugins/com.st.stm32cube.ide.mcu.externaltools.gnu-tools-for-stm32.11.3.rel1.win32_1.1.100.202309141235/tools/bin/../lib/gcc/arm-none-eabi/11.3.1/../../../../arm-none-eabi/lib/thumb/v7e-m+fp/hard\libm.a(libm_a-e_pow.o)
                0x0000000008009990                __ieee754_pow
 *fill*         0x000000000800a3e4        0x4 
 .text.__ieee754_rem_pio2
                0x000000000800a3e8      0x40c C:/ST/STM32CubeIDE_1.14.1/STM32CubeIDE/plugins/com.st.stm32cube.ide.mcu.externaltools.gnu-tools-for-stm32.11.3.rel1.win32_1.1.100.202309141235/tools/bin/../lib/gcc/arm-none-eabi/11.3.1/../../../../arm-none-eabi/lib/thumb/v7e-m+fp/hard\libm.a(libm_a-e_rem_pio2.o)
                0x000000000800a3e8                __ieee754_rem_pio2
 *fill*         0x000000000800a7f4        0x4 
 .text.atan     0x000000000800a7f8      0x340 C:/ST/STM32CubeIDE_1.14.1/STM32CubeIDE/plugins/com.st.stm32cube.ide.mcu.externaltools.gnu-tools-for-stm32.11.3.rel1.win32_1.1.100.202309141235/tools/bin/../lib/gcc/arm-none-eabi/11.3.1/../../../../arm-none-eabi/lib/thumb/v7e-m+fp/hard\libm.a(libm_a-s_atan.o)
                0x000000000800a7f8                atan
 .text.fabs     0x000000000800ab38       0x12 C:/ST/STM32CubeIDE_1.14.1/STM32CubeIDE/plugins/com.st.stm32cube.ide.mcu.externaltools.gnu-tools-for-stm32.11.3.rel1.win32_1.1.100.202309141235/tools/bin/../lib/gcc/arm-none-eabi/11.3.1/../../../../arm-none-eabi/lib/thumb/v7e-m+fp/hard\libm.a(libm_a-s_fabs.o)
                0x000000000800ab38                fabs
 *fill*         0x000000000800ab4a        0x6 
 .text.scalbn   0x000000000800ab50       0xfc C:/ST/STM32CubeIDE_1.14.1/STM32CubeIDE/plugins/com.st.stm32cube.ide.mcu.externaltools.gnu-tools-for-stm32.11.3.rel1.win32_1.1.100.202309141235/tools/bin/../lib/gcc/arm-none-eabi/11.3.1/../../../../arm-none-eabi/lib/thumb/v7e-m+fp/hard\libm.a(libm_a-s_scalbn.o)
                0x000000000800ab50                scalbn
 .text.with_errno
                0x000000000800ac4c       0x14 C:/ST/STM32CubeIDE_1.14.1/STM32CubeIDE/plugins/com.st.stm32cube.ide.mcu.externaltools.gnu-tools-for-stm32.11.3.rel1.win32_1.1.100.202309141235/tools/bin/../lib/gcc/arm-none-eabi/11.3.1/../../../../arm-none-eabi/lib/thumb/v7e-m+fp/hard\libm.a(libm_a-math_err.o)
 .text.xflow    0x000000000800ac60       0x28 C:/ST/STM32CubeIDE_1.14.1/STM32CubeIDE/plugins/com.st.stm32cube.ide.mcu.externaltools.gnu-tools-for-stm32.11.3.rel1.win32_1.1.100.202309141235/tools/bin/../lib/gcc/arm-none-eabi/11.3.1/../../../../arm-none-eabi/lib/thumb/v7e-m+fp/hard\libm.a(libm_a-math_err.o)
 .text.__math_uflow
                0x000000000800ac88       0x12 C:/ST/STM32CubeIDE_1.14.1/STM32CubeIDE/plugins/com.st.stm32cube.ide.mcu.externaltools.gnu-tools-for-stm32.11.3.rel1.win32_1.1.100.202309141235/tools/bin/../lib/gcc/arm-none-eabi/11.3.1/../../../../arm-none-eabi/lib/thumb/v7e-m+fp/hard\libm.a(libm_a-math_err.o)
                0x000000000800ac88                __math_uflow
 .text.__math_oflow
                0x000000000800ac9a       0x12 C:/ST/STM32CubeIDE_1.14.1/STM32CubeIDE/plugins/com.st.stm32cube.ide.mcu.externaltools.gnu-tools-for-stm32.11.3.rel1.win32_1.1.100.202309141235/tools/bin/../lib/gcc/arm-none-eabi/11.3.1/../../../../arm-none-eabi/lib/thumb/v7e-m+fp/hard\libm.a(libm_a-math_err.o)
                0x000000000800ac9a                __math_oflow
 *fill*         0x000000000800acac        0x4 
 .text.__kernel_rem_pio2
                0x000000000800acb0      0x69c C:/ST/STM32CubeIDE_1.14.1/STM32CubeIDE/plugins/com.st.stm32cube.ide.mcu.externaltools.gnu-tools-for-stm32.11.3.rel1.win32_1.1.100.202309141235/tools/bin/../lib/gcc/arm-none-eabi/11.3.1/../../../../arm-none-eabi/lib/thumb/v7e-m+fp/hard\libm.a(libm_a-k_rem_pio2.o)
                0x000000000800acb0                __kernel_rem_pio2
 *fill*         0x000000000800b34c        0x4 
 .text.floor    0x000000000800b350      0x100 C:/ST/STM32CubeIDE_1.14.1/STM32CubeIDE/plugins/com.st.stm32cube.ide.mcu.externaltools.gnu-tools-for-stm32.11.3.rel1.win32_1.1.100.202309141235/tools/bin/../lib/gcc/arm-none-eabi/11.3.1/../../../../arm-none-eabi/lib/thumb/v7e-m+fp/hard\libm.a(libm_a-s_floor.o)
                0x000000000800b350                floor
 *(.glue_7)
 .glue_7        0x000000000800b450        0x0 linker stubs
 *(.glue_7t)
 .glue_7t       0x000000000800b450        0x0 linker stubs
 *(.eh_frame)
 .eh_frame      0x000000000800b450        0x0 C:/ST/STM32CubeIDE_1.14.1/STM32CubeIDE/plugins/com.st.stm32cube.ide.mcu.externaltools.gnu-tools-for-stm32.11.3.rel1.win32_1.1.100.202309141235/tools/bin/../lib/gcc/arm-none-eabi/11.3.1/thumb/v7e-m+fp/hard/crtbegin.o
 *(.init)
 .init          0x000000000800b450        0x4 C:/ST/STM32CubeIDE_1.14.1/STM32CubeIDE/plugins/com.st.stm32cube.ide.mcu.externaltools.gnu-tools-for-stm32.11.3.rel1.win32_1.1.100.202309141235/tools/bin/../lib/gcc/arm-none-eabi/11.3.1/thumb/v7e-m+fp/hard/crti.o
                0x000000000800b450                _init
 .init          0x000000000800b454        0x8 C:/ST/STM32CubeIDE_1.14.1/STM32CubeIDE/plugins/com.st.stm32cube.ide.mcu.externaltools.gnu-tools-for-stm32.11.3.rel1.win32_1.1.100.202309141235/tools/bin/../lib/gcc/arm-none-eabi/11.3.1/thumb/v7e-m+fp/hard/crtn.o
 *(.fini)
 .fini          0x000000000800b45c        0x4 C:/ST/STM32CubeIDE_1.14.1/STM32CubeIDE/plugins/com.st.stm32cube.ide.mcu.externaltools.gnu-tools-for-stm32.11.3.rel1.win32_1.1.100.202309141235/tools/bin/../lib/gcc/arm-none-eabi/11.3.1/thumb/v7e-m+fp/hard/crti.o
                0x000000000800b45c                _fini
 .fini          0x000000000800b460        0x8 C:/ST/STM32CubeIDE_1.14.1/STM32CubeIDE/plugins/com.st.stm32cube.ide.mcu.externaltools.gnu-tools-for-stm32.11.3.rel1.win32_1.1.100.202309141235/tools/bin/../lib/gcc/arm-none-eabi/11.3.1/thumb/v7e-m+fp/hard/crtn.o
                0x000000000800b468                . = ALIGN (0x4)
                0x000000000800b468                _etext = .

.vfp11_veneer   0x000000000800b468        0x0
 .vfp11_veneer  0x000000000800b468        0x0 linker stubs

.v4_bx          0x000000000800b468        0x0
 .v4_bx         0x000000000800b468        0x0 linker stubs

.iplt           0x000000000800b468        0x0
 .iplt          0x000000000800b468        0x0 C:/ST/STM32CubeIDE_1.14.1/STM32CubeIDE/plugins/com.st.stm32cube.ide.mcu.externaltools.gnu-tools-for-stm32.11.3.rel1.win32_1.1.100.202309141235/tools/bin/../lib/gcc/arm-none-eabi/11.3.1/thumb/v7e-m+fp/hard/crtbegin.o

.rodata         0x000000000800b468     0x10b0
                0x000000000800b468                . = ALIGN (0x4)
 *(.rodata)
 *(.rodata*)
 .rodata.main.str1.1
                0x000000000800b468       0x47 ./Core/Src/main.o
 .rodata.oled_asc2_1206
                0x000000000800b4af      0x474 ./Core/Src/oled.o
                0x000000000800b4af                oled_asc2_1206
 .rodata.oled_asc2_1608
                0x000000000800b923      0x5f0 ./Core/Src/oled.o
                0x000000000800b923                oled_asc2_1608
 .rodata.AHBPrescTable
                0x000000000800bf13       0x10 ./Core/Src/system_stm32f4xx.o
                0x000000000800bf13                AHBPrescTable
 .rodata.APBPrescTable
                0x000000000800bf23        0x8 ./Core/Src/system_stm32f4xx.o
                0x000000000800bf23                APBPrescTable
 .rodata._printf_float.str1.1
                0x000000000800bf2b       0x12 C:/ST/STM32CubeIDE_1.14.1/STM32CubeIDE/plugins/com.st.stm32cube.ide.mcu.externaltools.gnu-tools-for-stm32.11.3.rel1.win32_1.1.100.202309141235/tools/bin/../lib/gcc/arm-none-eabi/11.3.1/../../../../arm-none-eabi/lib/thumb/v7e-m+fp/hard\libc_nano.a(libc_a-nano-vfprintf_float.o)
 .rodata._printf_i.str1.1
                0x000000000800bf3d       0x22 C:/ST/STM32CubeIDE_1.14.1/STM32CubeIDE/plugins/com.st.stm32cube.ide.mcu.externaltools.gnu-tools-for-stm32.11.3.rel1.win32_1.1.100.202309141235/tools/bin/../lib/gcc/arm-none-eabi/11.3.1/../../../../arm-none-eabi/lib/thumb/v7e-m+fp/hard\libc_nano.a(libc_a-nano-vfprintf_i.o)
 .rodata._dtoa_r.str1.1
                0x000000000800bf5f       0x8d C:/ST/STM32CubeIDE_1.14.1/STM32CubeIDE/plugins/com.st.stm32cube.ide.mcu.externaltools.gnu-tools-for-stm32.11.3.rel1.win32_1.1.100.202309141235/tools/bin/../lib/gcc/arm-none-eabi/11.3.1/../../../../arm-none-eabi/lib/thumb/v7e-m+fp/hard\libc_nano.a(libc_a-dtoa.o)
                                         0x8f (size before relaxing)
 .rodata._Balloc.str1.1
                0x000000000800bfec       0x59 C:/ST/STM32CubeIDE_1.14.1/STM32CubeIDE/plugins/com.st.stm32cube.ide.mcu.externaltools.gnu-tools-for-stm32.11.3.rel1.win32_1.1.100.202309141235/tools/bin/../lib/gcc/arm-none-eabi/11.3.1/../../../../arm-none-eabi/lib/thumb/v7e-m+fp/hard\libc_nano.a(libc_a-mprec.o)
                                         0x70 (size before relaxing)
 .rodata.__multadd.str1.1
                0x000000000800c045       0x11 C:/ST/STM32CubeIDE_1.14.1/STM32CubeIDE/plugins/com.st.stm32cube.ide.mcu.externaltools.gnu-tools-for-stm32.11.3.rel1.win32_1.1.100.202309141235/tools/bin/../lib/gcc/arm-none-eabi/11.3.1/../../../../arm-none-eabi/lib/thumb/v7e-m+fp/hard\libc_nano.a(libc_a-mprec.o)
 *fill*         0x000000000800c045        0x3 
 .rodata.__mprec_bigtens
                0x000000000800c048       0x28 C:/ST/STM32CubeIDE_1.14.1/STM32CubeIDE/plugins/com.st.stm32cube.ide.mcu.externaltools.gnu-tools-for-stm32.11.3.rel1.win32_1.1.100.202309141235/tools/bin/../lib/gcc/arm-none-eabi/11.3.1/../../../../arm-none-eabi/lib/thumb/v7e-m+fp/hard\libc_nano.a(libc_a-mprec.o)
                0x000000000800c048                __mprec_bigtens
 .rodata.__mprec_tens
                0x000000000800c070       0xc8 C:/ST/STM32CubeIDE_1.14.1/STM32CubeIDE/plugins/com.st.stm32cube.ide.mcu.externaltools.gnu-tools-for-stm32.11.3.rel1.win32_1.1.100.202309141235/tools/bin/../lib/gcc/arm-none-eabi/11.3.1/../../../../arm-none-eabi/lib/thumb/v7e-m+fp/hard\libc_nano.a(libc_a-mprec.o)
                0x000000000800c070                __mprec_tens
 .rodata.p05.0  0x000000000800c138        0xc C:/ST/STM32CubeIDE_1.14.1/STM32CubeIDE/plugins/com.st.stm32cube.ide.mcu.externaltools.gnu-tools-for-stm32.11.3.rel1.win32_1.1.100.202309141235/tools/bin/../lib/gcc/arm-none-eabi/11.3.1/../../../../arm-none-eabi/lib/thumb/v7e-m+fp/hard\libc_nano.a(libc_a-mprec.o)
 .rodata._svfprintf_r.str1.1