../Drivers/STM32F4xx_HAL_Driver/Src/stm32f4xx_hal_i2c.c:7511:26:I2C_IsAcknowledgeFailed	0	static
../Drivers/STM32F4xx_HAL_Driver/Src/stm32f4xx_hal_i2c.c:7225:26:I2C_WaitOnFlagUntilTimeout	32	static
../Drivers/STM32F4xx_HAL_Driver/Src/stm32f4xx_hal_i2c.c:7262:26:I2C_WaitOnMasterAddressFlagUntilTimeout	24	static
../Drivers/STM32F4xx_HAL_Driver/Src/stm32f4xx_hal_i2c.c:7316:26:I2C_WaitOnTXEFlagUntilTimeout	16	static
../Drivers/STM32F4xx_HAL_Driver/Src/stm32f4xx_hal_i2c.c:6747:26:I2C_RequestMemoryWrite	48	static
../Drivers/STM32F4xx_HAL_Driver/Src/stm32f4xx_hal_i2c.c:6827:26:I2C_RequestMemoryRead	48	static
../Drivers/STM32F4xx_HAL_Driver/Src/stm32f4xx_hal_i2c.c:7357:26:I2C_WaitOnBTFFlagUntilTimeout	16	static
../Drivers/STM32F4xx_HAL_Driver/Src/stm32f4xx_hal_i2c.c:7463:26:I2C_WaitOnRXNEFlagUntilTimeout	16	static
../Drivers/STM32F4xx_HAL_Driver/Src/stm32f4xx_hal_i2c.c:606:13:HAL_I2C_MspInit	0	static
../Drivers/STM32F4xx_HAL_Driver/Src/stm32f4xx_hal_i2c.c:445:19:HAL_I2C_Init	16	static
../Drivers/STM32F4xx_HAL_Driver/Src/stm32f4xx_hal_i2c.c:622:13:HAL_I2C_MspDeInit	0	static
../Drivers/STM32F4xx_HAL_Driver/Src/stm32f4xx_hal_i2c.c:560:19:HAL_I2C_DeInit	8	static
../Drivers/STM32F4xx_HAL_Driver/Src/stm32f4xx_hal_i2c.c:1056:19:HAL_I2C_Master_Transmit	48	static
../Drivers/STM32F4xx_HAL_Driver/Src/stm32f4xx_hal_i2c.c:1177:19:HAL_I2C_Master_Receive	64	static
../Drivers/STM32F4xx_HAL_Driver/Src/stm32f4xx_hal_i2c.c:1428:19:HAL_I2C_Slave_Transmit	48	static
../Drivers/STM32F4xx_HAL_Driver/Src/stm32f4xx_hal_i2c.c:1558:19:HAL_I2C_Slave_Receive	48	static
../Drivers/STM32F4xx_HAL_Driver/Src/stm32f4xx_hal_i2c.c:1679:19:HAL_I2C_Master_Transmit_IT	24	static
../Drivers/STM32F4xx_HAL_Driver/Src/stm32f4xx_hal_i2c.c:1756:19:HAL_I2C_Master_Receive_IT	24	static
../Drivers/STM32F4xx_HAL_Driver/Src/stm32f4xx_hal_i2c.c:1836:19:HAL_I2C_Slave_Transmit_IT	8	static
../Drivers/STM32F4xx_HAL_Driver/Src/stm32f4xx_hal_i2c.c:1898:19:HAL_I2C_Slave_Receive_IT	8	static
../Drivers/STM32F4xx_HAL_Driver/Src/stm32f4xx_hal_i2c.c:1962:19:HAL_I2C_Master_Transmit_DMA	32	static
../Drivers/STM32F4xx_HAL_Driver/Src/stm32f4xx_hal_i2c.c:2117:19:HAL_I2C_Master_Receive_DMA	24	static
../Drivers/STM32F4xx_HAL_Driver/Src/stm32f4xx_hal_i2c.c:2270:19:HAL_I2C_Slave_Transmit_DMA	24	static
../Drivers/STM32F4xx_HAL_Driver/Src/stm32f4xx_hal_i2c.c:2384:19:HAL_I2C_Slave_Receive_DMA	24	static
../Drivers/STM32F4xx_HAL_Driver/Src/stm32f4xx_hal_i2c.c:2503:19:HAL_I2C_Mem_Write	40	static
../Drivers/STM32F4xx_HAL_Driver/Src/stm32f4xx_hal_i2c.c:2626:19:HAL_I2C_Mem_Read	56	static
../Drivers/STM32F4xx_HAL_Driver/Src/stm32f4xx_hal_i2c.c:2878:19:HAL_I2C_Mem_Write_IT	24	static
../Drivers/STM32F4xx_HAL_Driver/Src/stm32f4xx_hal_i2c.c:2963:19:HAL_I2C_Mem_Read_IT	32	static
../Drivers/STM32F4xx_HAL_Driver/Src/stm32f4xx_hal_i2c.c:3054:19:HAL_I2C_Mem_Write_DMA	48	static
../Drivers/STM32F4xx_HAL_Driver/Src/stm32f4xx_hal_i2c.c:3236:19:HAL_I2C_Mem_Read_DMA	56	static
../Drivers/STM32F4xx_HAL_Driver/Src/stm32f4xx_hal_i2c.c:3432:19:HAL_I2C_IsDeviceReady	56	static
../Drivers/STM32F4xx_HAL_Driver/Src/stm32f4xx_hal_i2c.c:3568:19:HAL_I2C_Master_Seq_Transmit_IT	32	static
../Drivers/STM32F4xx_HAL_Driver/Src/stm32f4xx_hal_i2c.c:3663:19:HAL_I2C_Master_Seq_Transmit_DMA	32	static
../Drivers/STM32F4xx_HAL_Driver/Src/stm32f4xx_hal_i2c.c:3843:19:HAL_I2C_Master_Seq_Receive_IT	32	static
../Drivers/STM32F4xx_HAL_Driver/Src/stm32f4xx_hal_i2c.c:3964:19:HAL_I2C_Master_Seq_Receive_DMA	32	static
../Drivers/STM32F4xx_HAL_Driver/Src/stm32f4xx_hal_i2c.c:4179:19:HAL_I2C_Slave_Seq_Transmit_IT	24	static
../Drivers/STM32F4xx_HAL_Driver/Src/stm32f4xx_hal_i2c.c:4245:19:HAL_I2C_Slave_Seq_Transmit_DMA	40	static
../Drivers/STM32F4xx_HAL_Driver/Src/stm32f4xx_hal_i2c.c:4419:19:HAL_I2C_Slave_Seq_Receive_IT	24	static
../Drivers/STM32F4xx_HAL_Driver/Src/stm32f4xx_hal_i2c.c:4485:19:HAL_I2C_Slave_Seq_Receive_DMA	40	static
../Drivers/STM32F4xx_HAL_Driver/Src/stm32f4xx_hal_i2c.c:4655:19:HAL_I2C_EnableListen_IT	0	static
../Drivers/STM32F4xx_HAL_Driver/Src/stm32f4xx_hal_i2c.c:4688:19:HAL_I2C_DisableListen_IT	0	static
../Drivers/STM32F4xx_HAL_Driver/Src/stm32f4xx_hal_i2c.c:5032:13:HAL_I2C_MasterTxCpltCallback	0	static
../Drivers/STM32F4xx_HAL_Driver/Src/stm32f4xx_hal_i2c.c:5048:13:HAL_I2C_MasterRxCpltCallback	0	static
../Drivers/STM32F4xx_HAL_Driver/Src/stm32f4xx_hal_i2c.c:5063:13:HAL_I2C_SlaveTxCpltCallback	0	static
../Drivers/STM32F4xx_HAL_Driver/Src/stm32f4xx_hal_i2c.c:5079:13:HAL_I2C_SlaveRxCpltCallback	0	static
../Drivers/STM32F4xx_HAL_Driver/Src/stm32f4xx_hal_i2c.c:5097:13:HAL_I2C_AddrCallback	0	static
../Drivers/STM32F4xx_HAL_Driver/Src/stm32f4xx_hal_i2c.c:5115:13:HAL_I2C_ListenCpltCallback	0	static
../Drivers/STM32F4xx_HAL_Driver/Src/stm32f4xx_hal_i2c.c:5131:13:HAL_I2C_MemTxCpltCallback	0	static
../Drivers/STM32F4xx_HAL_Driver/Src/stm32f4xx_hal_i2c.c:5433:13:I2C_MemoryTransmit_TXE_BTF	8	static
../Drivers/STM32F4xx_HAL_Driver/Src/stm32f4xx_hal_i2c.c:5147:13:HAL_I2C_MemRxCpltCallback	0	static
../Drivers/STM32F4xx_HAL_Driver/Src/stm32f4xx_hal_i2c.c:5163:13:HAL_I2C_ErrorCallback	0	static
../Drivers/STM32F4xx_HAL_Driver/Src/stm32f4xx_hal_i2c.c:7081:13:I2C_DMAError	8	static
../Drivers/STM32F4xx_HAL_Driver/Src/stm32f4xx_hal_i2c.c:6936:13:I2C_DMAXferCplt	16	static
../Drivers/STM32F4xx_HAL_Driver/Src/stm32f4xx_hal_i2c.c:5179:13:HAL_I2C_AbortCpltCallback	0	static
../Drivers/STM32F4xx_HAL_Driver/Src/stm32f4xx_hal_i2c.c:7122:13:I2C_DMAAbort	24	static
../Drivers/STM32F4xx_HAL_Driver/Src/stm32f4xx_hal_i2c.c:6411:13:I2C_ITError	8	static
../Drivers/STM32F4xx_HAL_Driver/Src/stm32f4xx_hal_i2c.c:4723:19:HAL_I2C_Master_Abort_IT	8	static
../Drivers/STM32F4xx_HAL_Driver/Src/stm32f4xx_hal_i2c.c:4783:6:HAL_I2C_EV_IRQHandler	80	static
../Drivers/STM32F4xx_HAL_Driver/Src/stm32f4xx_hal_i2c.c:4952:6:HAL_I2C_ER_IRQHandler	24	static
../Drivers/STM32F4xx_HAL_Driver/Src/stm32f4xx_hal_i2c.c:5214:22:HAL_I2C_GetState	0	static
../Drivers/STM32F4xx_HAL_Driver/Src/stm32f4xx_hal_i2c.c:5226:21:HAL_I2C_GetMode	0	static
../Drivers/STM32F4xx_HAL_Driver/Src/stm32f4xx_hal_i2c.c:5237:10:HAL_I2C_GetError	0	static
