../Core/Src/main.c:111:6:HAL_UART_RxCpltCallback	16	static
../Core/Src/main.c:122:6:HAL_TIM_PeriodElapsedCallback	16	static
../Core/Src/main.c:132:6:HAL_TIM_IC_CaptureCallback	16	static
../Core/Src/main.c:161:5:main	112	static
../Core/Src/main.c:385:6:SystemClock_Config	88	static
../Core/Src/main.c:427:13:MX_ADC1_Init	24	static
../Core/Src/main.c:479:13:MX_I2C1_Init	8	static
../Core/Src/main.c:513:13:MX_TIM1_Init	96	static
../Core/Src/main.c:588:13:MX_TIM2_Init	56	static
../Core/Src/main.c:637:13:MX_TIM3_Init	56	static
../Core/Src/main.c:686:13:MX_TIM4_Init	48	static
../Core/Src/main.c:744:13:MX_TIM6_Init	16	static
../Core/Src/main.c:782:13:MX_TIM7_Init	16	static
../Core/Src/main.c:820:13:MX_TIM8_Init	96	static
../Core/Src/main.c:899:13:MX_USART3_UART_Init	8	static
../Core/Src/main.c:932:13:MX_GPIO_Init	48	static
../Core/Src/main.c:993:6:Error_Handler	4	static,ignoring_inline_asm
