../Core/Src/sensors.c:12:14:lpf	24	static
../Core/Src/sensors.c:21:14:read_mag_angle	48	static
../Core/Src/sensors.c:33:6:sensors_init	32	static
../Core/Src/sensors.c:52:6:sensors_us_trig	8	static
../Core/Src/sensors.c:62:6:sensors_read_usDist	24	static
../Core/Src/sensors.c:66:6:sensors_read_irDist	24	static
../Core/Src/sensors.c:75:6:sensors_read_gyroZ	16	static
../Core/Src/sensors.c:82:6:sensors_read_accel	24	static
../Core/Src/sensors.c:90:6:sensors_read_heading	24	static
../Core/Src/sensors.c:97:6:sensors_set_bias	64	static
../Core/Src/sensors.c:124:6:sensors_dist_warmup	24	static
