../Core/Src/sensors.c:13:14:lpf	24	static
../Core/Src/sensors.c:22:6:sensors_init	24	static
../Core/Src/sensors.c:38:6:sensors_us_trig	8	static
../Core/Src/sensors.c:48:6:sensors_read_usDist	24	static
../Core/Src/sensors.c:52:6:sensors_read_irDist	24	static
../Core/Src/sensors.c:61:6:sensors_read_gyroZ	16	static
../Core/Src/sensors.c:68:6:sensors_read_accel	24	static
../Core/Src/sensors.c:81:14:read_mag_angle	48	static
../Core/Src/sensors.c:92:6:sensors_read_heading	24	static
../Core/Src/sensors.c:105:6:sensors_set_bias	56	static
../Core/Src/sensors.c:130:6:sensors_dist_warmup	24	static
