../Core/Src/convert.c:3:7:abs_float	0	static
../Core/Src/convert.c:6:7:square_float	0	static
../Core/Src/convert.c:9:7:dist_squared	0	static
../Core/Src/convert.c:13:10:get_uint16	0	static
../Core/Src/convert.c:25:10:parse_uint16_t_until	16	static
../Core/Src/convert.c:39:7:parse_float_until	48	static
../Core/Src/convert.c:67:7:get_turning_r_back_cm	8	static
../Core/Src/convert.c:70:7:get_turning_r_robot_cm	16	static
../Core/Src/convert.c:79:7:get_w_ms	8	static
../Core/Src/convert.c:89:7:add_angle	0	static
../Core/Src/convert.c:93:7:angle_diff_180	0	static
../Core/Src/convert.c:96:7:angle_diff_dir	0	static
../Core/Src/convert.c:105:7:get_distance_cm	8	static
../Core/Src/convert.c:109:7:get_arc_length	16	static
