../Core/Src/oled.c:17:6:OLED_WR_Byte	16	static
../Core/Src/oled.c:40:6:OLED_Refresh_Gram	16	static
../Core/Src/oled.c:55:6:OLED_Clear	4	static
../Core/Src/oled.c:65:6:OLED_Display_On	8	static
../Core/Src/oled.c:74:6:OLED_Display_Off	8	static
../Core/Src/oled.c:84:6:OLED_DrawPoint	8	static
../Core/Src/oled.c:97:6:OLED_ShowChar	48	static
../Core/Src/oled.c:122:10:oled_pow	0	static
../Core/Src/oled.c:132:6:OLED_ShowNumber	64	static
../Core/Src/oled.c:154:6:OLED_ShowString	32	static
../Core/Src/oled.c:168:6:OLED_Init	8	static
